Component: ARM Compiler 5.06 update 5 (build 528) Tool: armlink [4d35e2]

==============================================================================

Section Cross References

    main.o(i.IMU_ROS) refers to imu.o(i.IMU_getQ) for IMU_getQ
    main.o(i.IMU_ROS) refers to imu.o(i.IMU_getValues) for IMU_getValues
    main.o(i.IMU_ROS) refers to fdiv.o(.text) for __aeabi_fdiv
    main.o(i.IMU_ROS) refers to fmul.o(.text) for __aeabi_fmul
    main.o(i.IMU_ROS) refers to f2d.o(.text) for __aeabi_f2d
    main.o(i.IMU_ROS) refers to printfa.o(i.__0printf) for __2printf
    main.o(i.SetupMCUHardware) refers to main.o(i.inv_io_hal_read_reg) for inv_io_hal_read_reg
    main.o(i.SetupMCUHardware) refers to main.o(i.inv_io_hal_write_reg) for inv_io_hal_write_reg
    main.o(i.check_rc) refers to errorhelper.o(i.inv_error_str) for inv_error_str
    main.o(i.check_rc) refers to printfa.o(i.__0printf) for __2printf
    main.o(i.inv_icm426xx_sleep_us) refers to delay.o(i.delay_us) for delay_us
    main.o(i.inv_io_hal_read_reg) refers to spi.o(i.SPI2_ReadWriteByte) for SPI2_ReadWriteByte
    main.o(i.inv_io_hal_write_reg) refers to main.o(i.io_write_reg) for io_write_reg
    main.o(i.io_write_reg) refers to spi.o(i.SPI2_ReadWriteByte) for SPI2_ReadWriteByte
    main.o(i.main) refers to system_stm32f10x.o(i.SystemInit) for SystemInit
    main.o(i.main) refers to delay.o(i.delay_init) for delay_init
    main.o(i.main) refers to usart.o(i.uart_init) for uart_init
    main.o(i.main) refers to printfa.o(i.__0printf) for __2printf
    main.o(i.main) refers to myiic.o(i.IIC_Init) for IIC_Init
    main.o(i.main) refers to spi.o(i.SPI2_Init) for SPI2_Init
    main.o(i.main) refers to main.o(i.SetupMCUHardware) for SetupMCUHardware
    main.o(i.main) refers to example-raw-data-registers.o(i.SetupInvDevice) for SetupInvDevice
    main.o(i.main) refers to main.o(i.check_rc) for check_rc
    main.o(i.main) refers to imu.o(i.IMU_init) for IMU_init
    main.o(i.main) refers to example-raw-data-registers.o(i.ConfigureInvDevice) for ConfigureInvDevice
    main.o(i.main) refers to delay.o(i.delay_ms) for delay_ms
    main.o(i.main) refers to main.o(i.IMU_ROS) for IMU_ROS
    system_stm32f10x.o(i.SetSysClock) refers to system_stm32f10x.o(i.SetSysClockTo72) for SetSysClockTo72
    system_stm32f10x.o(i.SystemCoreClockUpdate) refers to system_stm32f10x.o(.data) for SystemCoreClock
    system_stm32f10x.o(i.SystemInit) refers to system_stm32f10x.o(i.SetSysClock) for SetSysClock
    example-raw-data-registers.o(i.ConfigureInvDevice) refers to icm426xxdriver_hl.o(i.inv_icm426xx_enable_clkin_rtc) for inv_icm426xx_enable_clkin_rtc
    example-raw-data-registers.o(i.ConfigureInvDevice) refers to icm426xxdriver_hl.o(i.inv_icm426xx_set_accel_fsr) for inv_icm426xx_set_accel_fsr
    example-raw-data-registers.o(i.ConfigureInvDevice) refers to icm426xxdriver_hl.o(i.inv_icm426xx_set_gyro_fsr) for inv_icm426xx_set_gyro_fsr
    example-raw-data-registers.o(i.ConfigureInvDevice) refers to icm426xxdriver_hl.o(i.inv_icm426xx_set_accel_frequency) for inv_icm426xx_set_accel_frequency
    example-raw-data-registers.o(i.ConfigureInvDevice) refers to icm426xxdriver_hl.o(i.inv_icm426xx_set_gyro_frequency) for inv_icm426xx_set_gyro_frequency
    example-raw-data-registers.o(i.ConfigureInvDevice) refers to icm426xxdriver_hl.o(i.inv_icm426xx_enable_accel_low_noise_mode) for inv_icm426xx_enable_accel_low_noise_mode
    example-raw-data-registers.o(i.ConfigureInvDevice) refers to icm426xxdriver_hl.o(i.inv_icm426xx_enable_accel_low_power_mode) for inv_icm426xx_enable_accel_low_power_mode
    example-raw-data-registers.o(i.ConfigureInvDevice) refers to icm426xxdriver_hl.o(i.inv_icm426xx_enable_gyro_low_noise_mode) for inv_icm426xx_enable_gyro_low_noise_mode
    example-raw-data-registers.o(i.ConfigureInvDevice) refers to main.o(i.inv_icm426xx_sleep_us) for inv_icm426xx_sleep_us
    example-raw-data-registers.o(i.ConfigureInvDevice) refers to example-raw-data-registers.o(.bss) for icm_driver
    example-raw-data-registers.o(i.GetDataFromInvDevice) refers to icm426xxdriver_hl.o(i.inv_icm426xx_get_data_from_registers) for inv_icm426xx_get_data_from_registers
    example-raw-data-registers.o(i.GetDataFromInvDevice) refers to example-raw-data-registers.o(.bss) for icm_driver
    example-raw-data-registers.o(i.HandleInvDeviceDataRegisters) refers to example-raw-data-registers.o(i.apply_mounting_matrix) for apply_mounting_matrix
    example-raw-data-registers.o(i.HandleInvDeviceDataRegisters) refers to printfa.o(i.__0printf) for __2printf
    example-raw-data-registers.o(i.HandleInvDeviceDataRegisters) refers to example-raw-data-registers.o(.data) for icm_mounting_matrix
    example-raw-data-registers.o(i.SetupInvDevice) refers to printfa.o(i.__0printf) for __2printf
    example-raw-data-registers.o(i.SetupInvDevice) refers to icm426xxdriver_hl.o(i.inv_icm426xx_init) for inv_icm426xx_init
[...]
    Removing stm32f10x_tim.o(i.TIM_SelectCOM), (24 bytes).
    Removing stm32f10x_tim.o(i.TIM_SelectHallSensor), (24 bytes).
    Removing stm32f10x_tim.o(i.TIM_SelectInputTrigger), (18 bytes).
    Removing stm32f10x_tim.o(i.TIM_SelectMasterSlaveMode), (18 bytes).
    Removing stm32f10x_tim.o(i.TIM_SelectOCxM), (82 bytes).
    Removing stm32f10x_tim.o(i.TIM_SelectOnePulseMode), (18 bytes).
    Removing stm32f10x_tim.o(i.TIM_SelectOutputTrigger), (18 bytes).
    Removing stm32f10x_tim.o(i.TIM_SelectSlaveMode), (18 bytes).
    Removing stm32f10x_tim.o(i.TIM_SetAutoreload), (4 bytes).
    Removing stm32f10x_tim.o(i.TIM_SetClockDivision), (18 bytes).
    Removing stm32f10x_tim.o(i.TIM_SetCompare1), (4 bytes).
    Removing stm32f10x_tim.o(i.TIM_SetCompare2), (4 bytes).
    Removing stm32f10x_tim.o(i.TIM_SetCompare3), (4 bytes).
    Removing stm32f10x_tim.o(i.TIM_SetCompare4), (6 bytes).
    Removing stm32f10x_tim.o(i.TIM_SetCounter), (4 bytes).
    Removing stm32f10x_tim.o(i.TIM_SetIC1Prescaler), (18 bytes).
    Removing stm32f10x_tim.o(i.TIM_SetIC2Prescaler), (26 bytes).
    Removing stm32f10x_tim.o(i.TIM_SetIC3Prescaler), (18 bytes).
    Removing stm32f10x_tim.o(i.TIM_SetIC4Prescaler), (26 bytes).
    Removing stm32f10x_tim.o(i.TIM_TIxExternalClockConfig), (62 bytes).
    Removing stm32f10x_tim.o(i.TIM_TimeBaseStructInit), (18 bytes).
    Removing stm32f10x_tim.o(i.TIM_UpdateDisableConfig), (24 bytes).
    Removing stm32f10x_tim.o(i.TIM_UpdateRequestConfig), (24 bytes).
    Removing stm32f10x_flash.o(i.FLASH_ClearFlag), (12 bytes).
    Removing stm32f10x_flash.o(i.FLASH_EnableWriteProtection), (196 bytes).
    Removing stm32f10x_flash.o(i.FLASH_EraseAllBank1Pages), (72 bytes).
    Removing stm32f10x_flash.o(i.FLASH_EraseAllPages), (72 bytes).
    Removing stm32f10x_flash.o(i.FLASH_EraseOptionBytes), (168 bytes).
    Removing stm32f10x_flash.o(i.FLASH_ErasePage), (76 bytes).
    Removing stm32f10x_flash.o(i.FLASH_GetBank1Status), (52 bytes).
    Removing stm32f10x_flash.o(i.FLASH_GetFlagStatus), (48 bytes).
    Removing stm32f10x_flash.o(i.FLASH_GetPrefetchBufferStatus), (24 bytes).
    Removing stm32f10x_flash.o(i.FLASH_GetReadOutProtectionStatus), (24 bytes).
    Removing stm32f10x_flash.o(i.FLASH_GetStatus), (52 bytes).
    Removing stm32f10x_flash.o(i.FLASH_GetUserOptionByte), (12 bytes).
    Removing stm32f10x_flash.o(i.FLASH_GetWriteProtectionOptionByte), (12 bytes).
    Removing stm32f10x_flash.o(i.FLASH_HalfCycleAccessCmd), (28 bytes).
    Removing stm32f10x_flash.o(i.FLASH_ITConfig), (32 bytes).
    Removing stm32f10x_flash.o(i.FLASH_Lock), (20 bytes).
    Removing stm32f10x_flash.o(i.FLASH_LockBank1), (20 bytes).
    Removing stm32f10x_flash.o(i.FLASH_PrefetchBufferCmd), (28 bytes).
    Removing stm32f10x_flash.o(i.FLASH_ProgramHalfWord), (64 bytes).
    Removing stm32f10x_flash.o(i.FLASH_ProgramOptionByteData), (84 bytes).
    Removing stm32f10x_flash.o(i.FLASH_ProgramWord), (108 bytes).
    Removing stm32f10x_flash.o(i.FLASH_ReadOutProtection), (172 bytes).
    Removing stm32f10x_flash.o(i.FLASH_SetLatency), (24 bytes).
    Removing stm32f10x_flash.o(i.FLASH_Unlock), (24 bytes).
    Removing stm32f10x_flash.o(i.FLASH_UnlockBank1), (24 bytes).
    Removing stm32f10x_flash.o(i.FLASH_UserOptionByteConfig), (104 bytes).
    Removing stm32f10x_flash.o(i.FLASH_WaitForLastBank1Operation), (38 bytes).
    Removing stm32f10x_flash.o(i.FLASH_WaitForLastOperation), (38 bytes).
    Removing stm32f10x_spi.o(i.I2S_Cmd), (24 bytes).
    Removing stm32f10x_spi.o(i.I2S_Init), (232 bytes).
    Removing stm32f10x_spi.o(i.I2S_StructInit), (20 bytes).
    Removing stm32f10x_spi.o(i.SPI_BiDirectionalLineConfig), (28 bytes).
    Removing stm32f10x_spi.o(i.SPI_CalculateCRC), (24 bytes).
    Removing stm32f10x_spi.o(i.SPI_DataSizeConfig), (18 bytes).
    Removing stm32f10x_spi.o(i.SPI_GetCRC), (16 bytes).
    Removing stm32f10x_spi.o(i.SPI_GetCRCPolynomial), (6 bytes).
    Removing stm32f10x_spi.o(i.SPI_I2S_ClearFlag), (6 bytes).
    Removing stm32f10x_spi.o(i.SPI_I2S_ClearITPendingBit), (20 bytes).
    Removing stm32f10x_spi.o(i.SPI_I2S_DMACmd), (18 bytes).
    Removing stm32f10x_spi.o(i.SPI_I2S_DeInit), (88 bytes).
    Removing stm32f10x_spi.o(i.SPI_I2S_GetITStatus), (52 bytes).
    Removing stm32f10x_spi.o(i.SPI_I2S_ITConfig), (32 bytes).
    Removing stm32f10x_spi.o(i.SPI_NSSInternalSoftwareConfig), (30 bytes).
    Removing stm32f10x_spi.o(i.SPI_SSOutputCmd), (24 bytes).
    Removing stm32f10x_spi.o(i.SPI_StructInit), (24 bytes).
    Removing stm32f10x_spi.o(i.SPI_TransmitCRC), (10 bytes).
    Removing icm426xxdriver_hl.o(i.inv_icm426xx_configure_fifo_wm), (228 bytes).
    Removing icm426xxdriver_hl.o(i.inv_icm426xx_convert_odr_bitfield_to_us), (120 bytes).
    Removing icm426xxdriver_hl.o(i.inv_icm426xx_disable_accel), (64 bytes).
    Removing icm426xxdriver_hl.o(i.inv_icm426xx_disable_fsync), (54 bytes).
    Removing icm426xxdriver_hl.o(i.inv_icm426xx_disable_gyro), (64 bytes).
    Removing icm426xxdriver_hl.o(i.inv_icm426xx_disable_timestamp_to_register), (70 bytes).
    Removing icm426xxdriver_hl.o(i.inv_icm426xx_enable_fsync), (58 bytes).
    Removing icm426xxdriver_hl.o(i.inv_icm426xx_enable_high_resolution_fifo), (54 bytes).
    Removing icm426xxdriver_hl.o(i.inv_icm426xx_enable_timestamp_to_register), (80 bytes).
    Removing icm426xxdriver_hl.o(i.inv_icm426xx_force_clock_source), (64 bytes).
    Removing icm426xxdriver_hl.o(i.inv_icm426xx_format_data), (30 bytes).
    Removing icm426xxdriver_hl.o(i.inv_icm426xx_get_accel_fsr), (56 bytes).
    Removing icm426xxdriver_hl.o(i.inv_icm426xx_get_clkin_rtc_status), (40 bytes).
    Removing icm426xxdriver_hl.o(i.inv_icm426xx_get_config_ibi), (170 bytes).
    Removing icm426xxdriver_hl.o(i.inv_icm426xx_get_config_int2), (206 bytes).
    Removing icm426xxdriver_hl.o(i.inv_icm426xx_get_current_timestamp), (90 bytes).
    Removing icm426xxdriver_hl.o(i.inv_icm426xx_get_data_from_fifo), (808 bytes).
    Removing icm426xxdriver_hl.o(i.inv_icm426xx_get_data_from_registers), (224 bytes).
    Removing icm426xxdriver_hl.o(i.inv_icm426xx_get_fifo_timestamp_resolution_us_q24), (100 bytes).
    Removing icm426xxdriver_hl.o(i.inv_icm426xx_get_gyro_fsr), (56 bytes).
    Removing icm426xxdriver_hl.o(i.inv_icm426xx_get_reg_timestamp_resolution_us_q24), (44 bytes).
    Removing icm426xxdriver_hl.o(i.inv_icm426xx_get_version), (12 bytes).
    Removing icm426xxdriver_hl.o(i.inv_icm426xx_is_wu_osc_active), (86 bytes).
    Removing icm426xxdriver_hl.o(i.inv_icm426xx_reset_fifo), (128 bytes).
    Removing icm426xxdriver_hl.o(i.inv_icm426xx_set_accel_ln_bw), (70 bytes).
    Removing icm426xxdriver_hl.o(i.inv_icm426xx_set_accel_lp_avg), (68 bytes).
    Removing icm426xxdriver_hl.o(i.inv_icm426xx_set_config_int2), (436 bytes).
    Removing icm426xxdriver_hl.o(i.inv_icm426xx_set_gyro_ln_bw), (70 bytes).
    Removing icm426xxdriver_hl_apex.o(i.inv_icm426xx_configure_apex_parameters), (236 bytes).
    Removing icm426xxdriver_hl_apex.o(i.inv_icm426xx_configure_smd_wom), (92 bytes).
    Removing icm426xxdriver_hl_apex.o(i.inv_icm426xx_configure_tap_parameters), (74 bytes).
    Removing icm426xxdriver_hl_apex.o(i.inv_icm426xx_disable_apex_pedometer), (48 bytes).
    Removing icm426xxdriver_hl_apex.o(i.inv_icm426xx_disable_apex_r2w), (48 bytes).
    Removing icm426xxdriver_hl_apex.o(i.inv_icm426xx_disable_apex_tilt), (48 bytes).
    Removing icm426xxdriver_hl_apex.o(i.inv_icm426xx_disable_smd), (96 bytes).
    Removing icm426xxdriver_hl_apex.o(i.inv_icm426xx_disable_tap), (48 bytes).
    Removing icm426xxdriver_hl_apex.o(i.inv_icm426xx_disable_wom), (134 bytes).
    Removing icm426xxdriver_hl_apex.o(i.inv_icm426xx_enable_apex_pedometer), (56 bytes).
    Removing icm426xxdriver_hl_apex.o(i.inv_icm426xx_enable_apex_r2w), (56 bytes).
    Removing icm426xxdriver_hl_apex.o(i.inv_icm426xx_enable_apex_tilt), (56 bytes).
    Removing icm426xxdriver_hl_apex.o(i.inv_icm426xx_enable_smd), (64 bytes).
    Removing icm426xxdriver_hl_apex.o(i.inv_icm426xx_enable_tap), (48 bytes).
    Removing icm426xxdriver_hl_apex.o(i.inv_icm426xx_enable_wom), (142 bytes).
    Removing icm426xxdriver_hl_apex.o(i.inv_icm426xx_get_apex_data_activity), (54 bytes).
    Removing icm426xxdriver_hl_apex.o(i.inv_icm426xx_get_apex_parameters), (200 bytes).
    Removing icm426xxdriver_hl_apex.o(i.inv_icm426xx_get_tap_data), (64 bytes).
    Removing icm426xxdriver_hl_apex.o(i.inv_icm426xx_get_tap_parameters), (94 bytes).
    Removing icm426xxdriver_hl_apex.o(i.inv_icm426xx_init_apex_parameters_struct), (56 bytes).
    Removing icm426xxdriver_hl_apex.o(i.inv_icm426xx_init_tap_parameters_struct), (26 bytes).
    Removing icm426xxdriver_hl_apex.o(i.inv_icm426xx_load_dmp_sram_code), (438 bytes).
    Removing icm426xxdriver_hl_apex.o(i.inv_icm426xx_reset_dmp), (92 bytes).
    Removing icm426xxdriver_hl_apex.o(i.inv_icm426xx_resume_dmp), (90 bytes).
    Removing icm426xxdriver_hl_apex.o(i.inv_icm426xx_set_apex_frequency), (58 bytes).
    Removing icm426xxdriver_hl_apex.o(i.inv_icm426xx_start_dmp), (44 bytes).
    Removing icm426xxselftest.o(i.average_sensor_output), (620 bytes).
    Removing icm426xxselftest.o(i.inv_icm426xx_get_st_bias), (106 bytes).
    Removing icm426xxselftest.o(i.inv_icm426xx_run_selftest), (118 bytes).
    Removing icm426xxselftest.o(i.inv_icm426xx_set_st_bias), (106 bytes).
    Removing icm426xxselftest.o(i.recover_settings), (160 bytes).
    Removing icm426xxselftest.o(i.reg_to_accel_fsr), (38 bytes).
    Removing icm426xxselftest.o(i.reg_to_gyro_fsr), (70 bytes).
    Removing icm426xxselftest.o(i.run_accel_self_test), (812 bytes).
    Removing icm426xxselftest.o(i.run_gyro_self_test), (672 bytes).
    Removing icm426xxselftest.o(i.save_settings), (140 bytes).
    Removing icm426xxselftest.o(i.set_user_offset_regs), (328 bytes).
    Removing dfixui.o(.text), (50 bytes).
    Removing cfrcmple.o(.text), (20 bytes).
    Removing dscalb.o(.text), (46 bytes).
    Removing dsqrt.o(.text), (162 bytes).
    Removing cdcmple.o(.text), (48 bytes).

332 unused section(s) (total 22870 bytes) removed from the image.

==============================================================================

Image Symbol Table

    Local Symbols

    Symbol Name                              Value     Ov Type        Size  Object(Section)

    ../clib/microlib/division.c              0x00000000   Number         0  uldiv.o ABSOLUTE
    ../clib/microlib/division.c              0x00000000   Number         0  uidiv.o ABSOLUTE
    ../clib/microlib/errno.c                 0x00000000   Number         0  errno.o ABSOLUTE
    ../clib/microlib/init/entry.s            0x00000000   Number         0  entry9a.o ABSOLUTE
    ../clib/microlib/init/entry.s            0x00000000   Number         0  entry8b.o ABSOLUTE
    ../clib/microlib/init/entry.s            0x00000000   Number         0  entry8a.o ABSOLUTE
    ../clib/microlib/init/entry.s            0x00000000   Number         0  entry7b.o ABSOLUTE
    ../clib/microlib/init/entry.s            0x00000000   Number         0  entry2.o ABSOLUTE
    ../clib/microlib/init/entry.s            0x00000000   Number         0  entry7a.o ABSOLUTE
    ../clib/microlib/init/entry.s            0x00000000   Number         0  entry10a.o ABSOLUTE
    ../clib/microlib/init/entry.s            0x00000000   Number         0  entry5.o ABSOLUTE
    ../clib/microlib/init/entry.s            0x00000000   Number         0  entry11b.o ABSOLUTE
    ../clib/microlib/init/entry.s            0x00000000   Number         0  entry11a.o ABSOLUTE
    ../clib/microlib/init/entry.s            0x00000000   Number         0  entry10b.o ABSOLUTE
    ../clib/microlib/init/entry.s            0x00000000   Number         0  entry.o ABSOLUTE
    ../clib/microlib/init/entry.s            0x00000000   Number         0  entry9b.o ABSOLUTE
    ../clib/microlib/longlong.c              0x00000000   Number         0  llsshr.o ABSOLUTE
    ../clib/microlib/longlong.c              0x00000000   Number         0  llushr.o ABSOLUTE
    ../clib/microlib/longlong.c              0x00000000   Number         0  llshl.o ABSOLUTE
    ../clib/microlib/printf/printf.c         0x00000000   Number         0  printfb.o ABSOLUTE
    ../clib/microlib/printf/printf.c         0x00000000   Number         0  printf8.o ABSOLUTE
    ../clib/microlib/printf/printf.c         0x00000000   Number         0  printfa.o ABSOLUTE
    ../clib/microlib/printf/printf.c         0x00000000   Number         0  printf0.o ABSOLUTE
    ../clib/microlib/printf/printf.c         0x00000000   Number         0  printf1.o ABSOLUTE
    ../clib/microlib/printf/printf.c         0x00000000   Number         0  printf2.o ABSOLUTE
    ../clib/microlib/printf/printf.c         0x00000000   Number         0  printf6.o ABSOLUTE
    ../clib/microlib/printf/printf.c         0x00000000   Number         0  printf3.o ABSOLUTE
    ../clib/microlib/printf/printf.c         0x00000000   Number         0  printf4.o ABSOLUTE
    ../clib/microlib/printf/printf.c         0x00000000   Number         0  printf5.o ABSOLUTE
    ../clib/microlib/printf/printf.c         0x00000000   Number         0  printf7.o ABSOLUTE
    ../clib/microlib/printf/stubs.s          0x00000000   Number         0  stubs.o ABSOLUTE
    ../clib/microlib/string/memcpy.c         0x00000000   Number         0  memcpyb.o ABSOLUTE
    ../clib/microlib/string/memcpy.c         0x00000000   Number         0  memcpya.o ABSOLUTE
    ../clib/microlib/string/memset.c         0x00000000   Number         0  memseta.o ABSOLUTE
    ../clib/microlib/stubs.s                 0x00000000   Number         0  iusefp.o ABSOLUTE
    ../clib/microlib/stubs.s                 0x00000000   Number         0  useno.o ABSOLUTE
    ../fplib/microlib/d2f.c                  0x00000000   Number         0  d2f.o ABSOLUTE
    ../fplib/microlib/f2d.c                  0x00000000   Number         0  f2d.o ABSOLUTE
    ../fplib/microlib/fpadd.c                0x00000000   Number         0  fadd.o ABSOLUTE
    ../fplib/microlib/fpadd.c                0x00000000   Number         0  dadd.o ABSOLUTE
    ../fplib/microlib/fpdiv.c                0x00000000   Number         0  ddiv.o ABSOLUTE
    ../fplib/microlib/fpdiv.c                0x00000000   Number         0  fdiv.o ABSOLUTE
    ../fplib/microlib/fpepilogue.c           0x00000000   Number         0  fepilogue.o ABSOLUTE
    ../fplib/microlib/fpepilogue.c           0x00000000   Number         0  depilogue.o ABSOLUTE
    ../fplib/microlib/fpfix.c                0x00000000   Number         0  dfixui.o ABSOLUTE
    ../fplib/microlib/fpfix.c                0x00000000   Number         0  dfixul.o ABSOLUTE
    ../fplib/microlib/fpflt.c                0x00000000   Number         0  ffltui.o ABSOLUTE
    ../fplib/microlib/fpflt.c                0x00000000   Number         0  fflti.o ABSOLUTE
    ../fplib/microlib/fpflt.c                0x00000000   Number         0  dflti.o ABSOLUTE
    ../fplib/microlib/fpmul.c                0x00000000   Number         0  dmul.o ABSOLUTE
    ../fplib/microlib/fpmul.c                0x00000000   Number         0  fmul.o ABSOLUTE
    ../fplib/microlib/fpscalb.c              0x00000000   Number         0  dscalb.o ABSOLUTE
    ../fplib/microlib/fpsqrt.c               0x00000000   Number         0  dsqrt.o ABSOLUTE
    ../mathlib/asin.c                        0x00000000   Number         0  asin_x.o ABSOLUTE
    ../mathlib/asin.c                        0x00000000   Number         0  asin.o ABSOLUTE
    ../mathlib/atan.c                        0x00000000   Number         0  atan_x.o ABSOLUTE
    ../mathlib/atan.c                        0x00000000   Number         0  atan.o ABSOLUTE
    ../mathlib/atan2.c                       0x00000000   Number         0  atan2_x.o ABSOLUTE
    ../mathlib/atan2.c                       0x00000000   Number         0  atan2.o ABSOLUTE
    ../mathlib/dunder.c                      0x00000000   Number         0  dunder.o ABSOLUTE
    ../mathlib/fpclassify.c                  0x00000000   Number         0  fpclassify.o ABSOLUTE
    ../mathlib/poly.c                        0x00000000   Number         0  poly.o ABSOLUTE
    ../mathlib/pow.c                         0x00000000   Number         0  pow.o ABSOLUTE
    ../mathlib/pow.c                         0x00000000   Number         0  pow_x.o ABSOLUTE
    ../mathlib/qnan.c                        0x00000000   Number         0  qnan.o ABSOLUTE
    ../mathlib/sqrt.c                        0x00000000   Number         0  sqrt.o ABSOLUTE
    ../mathlib/sqrt.c                        0x00000000   Number         0  sqrt_x.o ABSOLUTE
    ..\CORE\core_cm3.c                       0x00000000   Number         0  core_cm3.o ABSOLUTE
    ..\CORE\startup_stm32f10x_md.s           0x00000000   Number         0  startup_stm32f10x_md.o ABSOLUTE
    ..\HARDWARE\EEPROM\eeprom.c              0x00000000   Number         0  eeprom.o ABSOLUTE
    ..\HARDWARE\IIC\myiic.c                  0x00000000   Number         0  myiic.o ABSOLUTE
    ..\HARDWARE\IMU\IMU.c                    0x00000000   Number         0  imu.o ABSOLUTE
    ..\HARDWARE\SPI\spi.c                    0x00000000   Number         0  spi.o ABSOLUTE
    ..\Invn\Drivers\Icm426xx\Icm426xxDriver_HL.c 0x00000000   Number         0  icm426xxdriver_hl.o ABSOLUTE
    ..\Invn\Drivers\Icm426xx\Icm426xxDriver_HL_apex.c 0x00000000   Number         0  icm426xxdriver_hl_apex.o ABSOLUTE
    ..\Invn\Drivers\Icm426xx\Icm426xxSelfTest.c 0x00000000   Number         0  icm426xxselftest.o ABSOLUTE
    ..\Invn\Drivers\Icm426xx\Icm426xxTransport.c 0x00000000   Number         0  icm426xxtransport.o ABSOLUTE
    ..\Invn\EmbUtils\ErrorHelper.c           0x00000000   Number         0  errorhelper.o ABSOLUTE
    ..\STM32F10x_FWLib\src\misc.c            0x00000000   Number         0  misc.o ABSOLUTE
    ..\STM32F10x_FWLib\src\stm32f10x_flash.c 0x00000000   Number         0  stm32f10x_flash.o ABSOLUTE
    ..\STM32F10x_FWLib\src\stm32f10x_fsmc.c  0x00000000   Number         0  stm32f10x_fsmc.o ABSOLUTE
    ..\STM32F10x_FWLib\src\stm32f10x_gpio.c  0x00000000   Number         0  stm32f10x_gpio.o ABSOLUTE
    ..\STM32F10x_FWLib\src\stm32f10x_rcc.c   0x00000000   Number         0  stm32f10x_rcc.o ABSOLUTE
    ..\STM32F10x_FWLib\src\stm32f10x_spi.c   0x00000000   Number         0  stm32f10x_spi.o ABSOLUTE
    ..\STM32F10x_FWLib\src\stm32f10x_tim.c   0x00000000   Number         0  stm32f10x_tim.o ABSOLUTE
    ..\STM32F10x_FWLib\src\stm32f10x_usart.c 0x00000000   Number         0  stm32f10x_usart.o ABSOLUTE
    ..\SYSTEM\delay\delay.c                  0x00000000   Number         0  delay.o ABSOLUTE
    ..\SYSTEM\sys\sys.c                      0x00000000   Number         0  sys.o ABSOLUTE
    ..\SYSTEM\usart\usart.c                  0x00000000   Number         0  usart.o ABSOLUTE
    ..\\CORE\\core_cm3.c                     0x00000000   Number         0  core_cm3.o ABSOLUTE
    cdcmple.s                                0x00000000   Number         0  cdcmple.o ABSOLUTE
    cdrcmple.s                               0x00000000   Number         0  cdrcmple.o ABSOLUTE
    cfcmple.s                                0x00000000   Number         0  cfcmple.o ABSOLUTE
    cfrcmple.s                               0x00000000   Number         0  cfrcmple.o ABSOLUTE
    dc.s                                     0x00000000   Number         0  dc.o ABSOLUTE
    example-raw-data-registers.c             0x00000000   Number         0  example-raw-data-registers.o ABSOLUTE
    handlers.s                               0x00000000   Number         0  handlers.o ABSOLUTE
    init.s                                   0x00000000   Number         0  init.o ABSOLUTE
    main.c                                   0x00000000   Number         0  main.o ABSOLUTE
    stm32f10x_it.c                           0x00000000   Number         0  stm32f10x_it.o ABSOLUTE
    system_stm32f10x.c                       0x00000000   Number         0  system_stm32f10x.o ABSOLUTE
    RESET                                    0x08000000   Section      236  startup_stm32f10x_md.o(RESET)
    .ARM.Collect$$$$00000000                 0x080000ec   Section        0  entry.o(.ARM.Collect$$$$00000000)
    .ARM.Collect$$$$00000001                 0x080000ec   Section        4  entry2.o(.ARM.Collect$$$$00000001)
    .ARM.Collect$$$$00000004                 0x080000f0   Section        4  entry5.o(.ARM.Collect$$$$00000004)
    .ARM.Collect$$$$00000008                 0x080000f4   Section        0  entry7b.o(.ARM.Collect$$$$00000008)
    .ARM.Collect$$$$0000000A                 0x080000f4   Section        0  entry8b.o(.ARM.Collect$$$$0000000A)
    .ARM.Collect$$$$0000000B                 0x080000f4   Section        8  entry9a.o(.ARM.Collect$$$$0000000B)
    .ARM.Collect$$$$0000000D                 0x080000fc   Section        0  entry10a.o(.ARM.Collect$$$$0000000D)
    .ARM.Collect$$$$0000000F                 0x080000fc   Section        0  entry11a.o(.ARM.Collect$$$$0000000F)
    .ARM.Collect$$$$00002712                 0x080000fc   Section        4  entry2.o(.ARM.Collect$$$$00002712)
    __lit__00000000                          0x080000fc   Data           4  entry2.o(.ARM.Collect$$$$00002712)
    .text                                    0x08000100   Section       36  startup_stm32f10x_md.o(.text)
    .text                                    0x08000124   Section        0  memcpya.o(.text)
    .text                                    0x08000148   Section        0  memseta.o(.text)
    .text                                    0x0800016c   Section        0  fadd.o(.text)
    .text                                    0x0800021c   Section        0  fmul.o(.text)
    .text                                    0x08000280   Section        0  fdiv.o(.text)
    .text                                    0x080002fc   Section        0  dadd.o(.text)
    .text                                    0x0800044a   Section        0  dmul.o(.text)
    .text                                    0x0800052e   Section        0  ddiv.o(.text)
    .text                                    0x0800060c   Section        0  fflti.o(.text)
    .text                                    0x0800061e   Section        0  ffltui.o(.text)
    .text                                    0x08000628   Section        0  dflti.o(.text)
    .text                                    0x0800064a   Section        0  f2d.o(.text)
    .text                                    0x08000670   Section        0  d2f.o(.text)
    .text                                    0x080006a8   Section       20  cfcmple.o(.text)
    .text                                    0x080006bc   Section        0  uidiv.o(.text)
    .text                                    0x080006e8   Section        0  uldiv.o(.text)
    .text                                    0x0800074a   Section        0  llshl.o(.text)
    .text                                    0x08000768   Section        0  llushr.o(.text)
    .text                                    0x08000788   Section        0  llsshr.o(.text)
    .text                                    0x080007ac   Section        0  fepilogue.o(.text)
    .text                                    0x080007ac   Section        0  iusefp.o(.text)
    .text                                    0x0800081a   Section        0  depilogue.o(.text)
    .text                                    0x080008d4   Section        0  dfixul.o(.text)
    .text                                    0x08000904   Section       48  cdrcmple.o(.text)
    .text                                    0x08000934   Section       36  init.o(.text)
    i.BusFault_Handler                       0x08000958   Section        0  stm32f10x_it.o(i.BusFault_Handler)
    i.ConfigureInvDevice                     0x0800095c   Section        0  example-raw-data-registers.o(i.ConfigureInvDevice)
    i.DebugMon_Handler                       0x080009d0   Section        0  stm32f10x_it.o(i.DebugMon_Handler)
    i.GPIO_Init                              0x080009d2   Section        0  stm32f10x_gpio.o(i.GPIO_Init)
    i.GPIO_SetBits                           0x08000ae8   Section        0  stm32f10x_gpio.o(i.GPIO_SetBits)
    i.HandleInvDeviceDataRegisters           0x08000aec   Section        0  example-raw-data-registers.o(i.HandleInvDeviceDataRegisters)
    i.HardFault_Handler                      0x08000c18   Section        0  stm32f10x_it.o(i.HardFault_Handler)
    i.IIC_Init                               0x08000c1c   Section        0  myiic.o(i.IIC_Init)
    i.IMU_AHRSupdate                         0x08000c48   Section        0  imu.o(i.IMU_AHRSupdate)
    i.IMU_ROS                                0x08001270   Section        0  main.o(i.IMU_ROS)
    i.IMU_getQ                               0x080013e0   Section        0  imu.o(i.IMU_getQ)
    i.IMU_getValues                          0x08001490   Section        0  imu.o(i.IMU_getValues)
    i.IMU_init                               0x08001574   Section        0  imu.o(i.IMU_init)
    i.Initial_Timer3                         0x080015d8   Section        0  delay.o(i.Initial_Timer3)
    i.MemManage_Handler                      0x08001648   Section        0  stm32f10x_it.o(i.MemManage_Handler)
    i.NMI_Handler                            0x0800164c   Section        0  stm32f10x_it.o(i.NMI_Handler)
    i.NVIC_Init                              0x08001650   Section        0  misc.o(i.NVIC_Init)
    i.NVIC_PriorityGroupConfig               0x080016c0   Section        0  misc.o(i.NVIC_PriorityGroupConfig)
    i.PendSV_Handler                         0x080016d4   Section        0  stm32f10x_it.o(i.PendSV_Handler)
    i.RCC_APB1PeriphClockCmd                 0x080016d8   Section        0  stm32f10x_rcc.o(i.RCC_APB1PeriphClockCmd)
    i.RCC_APB1PeriphResetCmd                 0x080016f8   Section        0  stm32f10x_rcc.o(i.RCC_APB1PeriphResetCmd)
    i.RCC_APB2PeriphClockCmd                 0x08001718   Section        0  stm32f10x_rcc.o(i.RCC_APB2PeriphClockCmd)
    i.RCC_APB2PeriphResetCmd                 0x08001738   Section        0  stm32f10x_rcc.o(i.RCC_APB2PeriphResetCmd)
    i.RCC_GetClocksFreq                      0x08001758   Section        0  stm32f10x_rcc.o(i.RCC_GetClocksFreq)
    i.SPI2_Init                              0x0800182c   Section        0  spi.o(i.SPI2_Init)
    i.SPI2_ReadWriteByte                     0x080018c8   Section        0  spi.o(i.SPI2_ReadWriteByte)
    i.SPI_Cmd                                0x0800191c   Section        0  stm32f10x_spi.o(i.SPI_Cmd)
    i.SPI_I2S_GetFlagStatus                  0x08001934   Section        0  stm32f10x_spi.o(i.SPI_I2S_GetFlagStatus)
    i.SPI_I2S_ReceiveData                    0x08001946   Section        0  stm32f10x_spi.o(i.SPI_I2S_ReceiveData)
    i.SPI_I2S_SendData                       0x0800194c   Section        0  stm32f10x_spi.o(i.SPI_I2S_SendData)
    i.SPI_Init                               0x08001950   Section        0  stm32f10x_spi.o(i.SPI_Init)
    i.SVC_Handler                            0x0800198c   Section        0  stm32f10x_it.o(i.SVC_Handler)
    i.SetSysClock                            0x0800198e   Section        0  system_stm32f10x.o(i.SetSysClock)
    SetSysClock                              0x0800198f   Thumb Code     8  system_stm32f10x.o(i.SetSysClock)
    i.SetSysClockTo72                        0x08001998   Section        0  system_stm32f10x.o(i.SetSysClockTo72)
    SetSysClockTo72                          0x08001999   Thumb Code   214  system_stm32f10x.o(i.SetSysClockTo72)
    i.SetupInvDevice                         0x08001a78   Section        0  example-raw-data-registers.o(i.SetupInvDevice)
    i.SetupMCUHardware                       0x08001ba0   Section        0  main.o(i.SetupMCUHardware)
    SetupMCUHardware                         0x08001ba1   Thumb Code    26  main.o(i.SetupMCUHardware)
    i.SysTick_CLKSourceConfig                0x08001bc4   Section        0  misc.o(i.SysTick_CLKSourceConfig)
    i.SysTick_Handler                        0x08001bec   Section        0  stm32f10x_it.o(i.SysTick_Handler)
    i.SystemInit                             0x08001bf0   Section        0  system_stm32f10x.o(i.SystemInit)
    i.TIM3_IRQHandler                        0x08001c50   Section        0  delay.o(i.TIM3_IRQHandler)
    i.TIM_ClearFlag                          0x08001c80   Section        0  stm32f10x_tim.o(i.TIM_ClearFlag)
    i.TIM_ClearITPendingBit                  0x08001c86   Section        0  stm32f10x_tim.o(i.TIM_ClearITPendingBit)
    i.TIM_Cmd                                0x08001c8c   Section        0  stm32f10x_tim.o(i.TIM_Cmd)
    i.TIM_DeInit                             0x08001ca4   Section        0  stm32f10x_tim.o(i.TIM_DeInit)
    i.TIM_GetITStatus                        0x08001e8c   Section        0  stm32f10x_tim.o(i.TIM_GetITStatus)
    i.TIM_ITConfig                           0x08001eae   Section        0  stm32f10x_tim.o(i.TIM_ITConfig)
    i.TIM_TimeBaseInit                       0x08001ec0   Section        0  stm32f10x_tim.o(i.TIM_TimeBaseInit)
    i.USART1_IRQHandler                      0x08001f64   Section        0  usart.o(i.USART1_IRQHandler)
    i.USART_ClearITPendingBit                0x0800208c   Section        0  stm32f10x_usart.o(i.USART_ClearITPendingBit)
    i.USART_Cmd                              0x080020aa   Section        0  stm32f10x_usart.o(i.USART_Cmd)
    i.USART_DeInit                           0x080020c4   Section        0  stm32f10x_usart.o(i.USART_DeInit)
    i.USART_GetITStatus                      0x08002160   Section        0  stm32f10x_usart.o(i.USART_GetITStatus)
    i.USART_ITConfig                         0x080021b4   Section        0  stm32f10x_usart.o(i.USART_ITConfig)
    i.USART_Init                             0x08002200   Section        0  stm32f10x_usart.o(i.USART_Init)
    i.USART_ReceiveData                      0x080022d8   Section        0  stm32f10x_usart.o(i.USART_ReceiveData)
    i.USART_SendData                         0x080022e2   Section        0  stm32f10x_usart.o(i.USART_SendData)
    i.UsageFault_Handler                     0x080022ea   Section        0  stm32f10x_it.o(i.UsageFault_Handler)
    i.__0printf                              0x080022f0   Section        0  printfa.o(i.__0printf)
    i.__scatterload_copy                     0x08002310   Section       14  handlers.o(i.__scatterload_copy)
    i.__scatterload_null                     0x0800231e   Section        2  handlers.o(i.__scatterload_null)
    i.__scatterload_zeroinit                 0x08002320   Section       14  handlers.o(i.__scatterload_zeroinit)
    i._fp_digits                             0x08002330   Section        0  printfa.o(i._fp_digits)
    _fp_digits                               0x08002331   Thumb Code   366  printfa.o(i._fp_digits)
    i._printf_core                           0x080024b4   Section        0  printfa.o(i._printf_core)
    _printf_core                             0x080024b5   Thumb Code  1744  printfa.o(i._printf_core)
    i._printf_post_padding                   0x08002b90   Section        0  printfa.o(i._printf_post_padding)
    _printf_post_padding                     0x08002b91   Thumb Code    36  printfa.o(i._printf_post_padding)
    i._printf_pre_padding                    0x08002bb4   Section        0  printfa.o(i._printf_pre_padding)
    _printf_pre_padding                      0x08002bb5   Thumb Code    46  printfa.o(i._printf_pre_padding)
    i.apply_mounting_matrix                  0x08002be2   Section        0  example-raw-data-registers.o(i.apply_mounting_matrix)
    apply_mounting_matrix                    0x08002be3   Thumb Code   170  example-raw-data-registers.o(i.apply_mounting_matrix)
    i.bsp_IcmGetRawData                      0x08002c8c   Section        0  example-raw-data-registers.o(i.bsp_IcmGetRawData)
    i.calGyroVariance                        0x08002dcc   Section        0  imu.o(i.calGyroVariance)
    i.check_rc                               0x08003084   Section        0  main.o(i.check_rc)
    check_rc                                 0x08003085   Thumb Code    36  main.o(i.check_rc)
    i.delay_init                             0x080030bc   Section        0  delay.o(i.delay_init)
    i.delay_ms                               0x08003100   Section        0  delay.o(i.delay_ms)
    i.delay_us                               0x0800314c   Section        0  delay.o(i.delay_us)
    i.fputc                                  0x08003198   Section        0  usart.o(i.fputc)
    i.get_register_cache_addr                0x080031b4   Section        0  icm426xxtransport.o(i.get_register_cache_addr)
    get_register_cache_addr                  0x080031b5   Thumb Code    62  icm426xxtransport.o(i.get_register_cache_addr)
    i.invSqrt1                               0x080031f4   Section        0  imu.o(i.invSqrt1)
    i.inv_error_str                          0x08003240   Section        0  errorhelper.o(i.inv_error_str)
    i.inv_icm426xx_configure_fifo            0x080033f4   Section        0  icm426xxdriver_hl.o(i.inv_icm426xx_configure_fifo)
    i.inv_icm426xx_configure_serial_interface 0x0800354a   Section        0  icm426xxdriver_hl.o(i.inv_icm426xx_configure_serial_interface)
    inv_icm426xx_configure_serial_interface  0x0800354b   Thumb Code   160  icm426xxdriver_hl.o(i.inv_icm426xx_configure_serial_interface)
    i.inv_icm426xx_configure_timestamp_resolution 0x080035ea   Section        0  icm426xxdriver_hl.o(i.inv_icm426xx_configure_timestamp_resolution)
    i.inv_icm426xx_device_reset              0x08003624   Section        0  icm426xxdriver_hl.o(i.inv_icm426xx_device_reset)
    i.inv_icm426xx_disable_high_resolution_fifo 0x0800373e   Section        0  icm426xxdriver_hl.o(i.inv_icm426xx_disable_high_resolution_fifo)
    i.inv_icm426xx_enable_accel_low_noise_mode 0x08003772   Section        0  icm426xxdriver_hl.o(i.inv_icm426xx_enable_accel_low_noise_mode)
    i.inv_icm426xx_enable_accel_low_power_mode 0x080037e6   Section        0  icm426xxdriver_hl.o(i.inv_icm426xx_enable_accel_low_power_mode)
    i.inv_icm426xx_enable_clkin_rtc          0x08003858   Section        0  icm426xxdriver_hl.o(i.inv_icm426xx_enable_clkin_rtc)
    i.inv_icm426xx_enable_gyro_low_noise_mode 0x08003914   Section        0  icm426xxdriver_hl.o(i.inv_icm426xx_enable_gyro_low_noise_mode)
    i.inv_icm426xx_get_config_int1           0x080039d8   Section        0  icm426xxdriver_hl.o(i.inv_icm426xx_get_config_int1)
    i.inv_icm426xx_get_time_us               0x08003aa6   Section        0  main.o(i.inv_icm426xx_get_time_us)
    i.inv_icm426xx_get_who_am_i              0x08003aac   Section        0  icm426xxdriver_hl.o(i.inv_icm426xx_get_who_am_i)
    i.inv_icm426xx_init                      0x08003ac0   Section        0  icm426xxdriver_hl.o(i.inv_icm426xx_init)
    i.inv_icm426xx_init_hardware_from_ui     0x08003b2c   Section        0  icm426xxdriver_hl.o(i.inv_icm426xx_init_hardware_from_ui)
    inv_icm426xx_init_hardware_from_ui       0x08003b2d   Thumb Code   726  icm426xxdriver_hl.o(i.inv_icm426xx_init_hardware_from_ui)
    i.inv_icm426xx_init_transport            0x08003e08   Section        0  icm426xxtransport.o(i.inv_icm426xx_init_transport)
    i.inv_icm426xx_read_reg                  0x08003e80   Section        0  icm426xxtransport.o(i.inv_icm426xx_read_reg)
    i.inv_icm426xx_set_accel_frequency       0x08003f02   Section        0  icm426xxdriver_hl.o(i.inv_icm426xx_set_accel_frequency)
    i.inv_icm426xx_set_accel_fsr             0x08003f3c   Section        0  icm426xxdriver_hl.o(i.inv_icm426xx_set_accel_fsr)
    i.inv_icm426xx_set_config_ibi            0x08003f76   Section        0  icm426xxdriver_hl.o(i.inv_icm426xx_set_config_ibi)
    i.inv_icm426xx_set_config_int1           0x080040e0   Section        0  icm426xxdriver_hl.o(i.inv_icm426xx_set_config_int1)
    i.inv_icm426xx_set_gyro_frequency        0x08004294   Section        0  icm426xxdriver_hl.o(i.inv_icm426xx_set_gyro_frequency)
    i.inv_icm426xx_set_gyro_fsr              0x080042ce   Section        0  icm426xxdriver_hl.o(i.inv_icm426xx_set_gyro_fsr)
    i.inv_icm426xx_set_reg_bank              0x08004308   Section        0  icm426xxdriver_hl.o(i.inv_icm426xx_set_reg_bank)
    i.inv_icm426xx_sleep_us                  0x0800431a   Section        0  main.o(i.inv_icm426xx_sleep_us)
    i.inv_icm426xx_write_reg                 0x08004326   Section        0  icm426xxtransport.o(i.inv_icm426xx_write_reg)
    i.inv_io_hal_read_reg                    0x080043a8   Section        0  main.o(i.inv_io_hal_read_reg)
    i.inv_io_hal_write_reg                   0x080043e8   Section        0  main.o(i.inv_io_hal_write_reg)
    i.io_write_reg                           0x08004418   Section        0  main.o(i.io_write_reg)
    io_write_reg                             0x08004419   Thumb Code    36  main.o(i.io_write_reg)
    i.is_aux_interface                       0x08004444   Section        0  icm426xxtransport.o(i.is_aux_interface)
    is_aux_interface                         0x08004445   Thumb Code    28  icm426xxtransport.o(i.is_aux_interface)
    i.main                                   0x08004460   Section        0  main.o(i.main)
    i.uart_init                              0x08004520   Section        0  usart.o(i.uart_init)
    .constdata                               0x080045c8   Section       14  icm426xxdriver_hl.o(.constdata)
    .conststring                             0x080045d8   Section       66  example-raw-data-registers.o(.conststring)
    .data                                    0x20000000   Section       20  system_stm32f10x.o(.data)
    .data                                    0x20000014   Section       36  example-raw-data-registers.o(.data)
    icm_mounting_matrix                      0x20000014   Data          36  example-raw-data-registers.o(.data)
    .data                                    0x20000038   Section       60  imu.o(.data)
    GyroinitFlag                             0x20000068   Data           4  imu.o(.data)
    GyroCount                                0x2000006c   Data           4  imu.o(.data)
    .data                                    0x20000074   Section        8  delay.o(.data)
    fac_us                                   0x20000078   Data           1  delay.o(.data)
    fac_ms                                   0x2000007a   Data           2  delay.o(.data)
    .data                                    0x2000007c   Section       12  usart.o(.data)
    .data                                    0x20000088   Section       20  stm32f10x_rcc.o(.data)
    APBAHBPrescTable                         0x20000088   Data          16  stm32f10x_rcc.o(.data)
    ADCPrescTable                            0x20000098   Data           4  stm32f10x_rcc.o(.data)
    .bss                                     0x200000a0   Section     2176  example-raw-data-registers.o(.bss)
    icm_driver                               0x200000a0   Data        2176  example-raw-data-registers.o(.bss)
    .bss                                     0x20000920   Section     7384  imu.o(.bss)
    Gyro_fill                                0x20000978   Data        7200  imu.o(.bss)
    Gyro_total                               0x20002598   Data          24  imu.o(.bss)
    sqrGyro_total                            0x200025b0   Data          24  imu.o(.bss)
    .bss                                     0x200025f8   Section       18  spi.o(.bss)
    .bss                                     0x2000260a   Section      558  usart.o(.bss)
    STACK                                    0x20002838   Section     1024  startup_stm32f10x_md.o(STACK)

    Global Symbols

    Symbol Name                              Value     Ov Type        Size  Object(Section)

    BuildAttributes$$THM_ISAv4$P$D$K$B$S$PE$A:L22UL41UL21$X:L11$S22US41US21$IEEE1$IW$USESV6$~STKCKD$USESV7$~SHL$OTIME$ROPI$IEEEX$EBA8$MICROLIB$REQ8$PRES8$EABIv2 0x00000000   Number         0  anon$$obj.o ABSOLUTE
    __ARM_use_no_argv                        0x00000000   Number         0  main.o ABSOLUTE
    __use_no_errno                           0x00000000   Number         0  useno.o ABSOLUTE
    __use_no_exception_handling              0x00000000   Number         0  useno.o ABSOLUTE
    __use_no_fp                              0x00000000   Number         0  useno.o ABSOLUTE
    __use_no_heap                            0x00000000   Number         0  useno.o ABSOLUTE
    __use_no_heap_region                     0x00000000   Number         0  useno.o ABSOLUTE
    __use_no_semihosting                     0x00000000   Number         0  useno.o ABSOLUTE
    __use_no_semihosting_swi                 0x00000000   Number         0  useno.o ABSOLUTE
    __use_no_signal_handling                 0x00000000   Number         0  useno.o ABSOLUTE
    _printf_a                                0x00000000   Number         0  stubs.o ABSOLUTE
    _printf_c                                0x00000000   Number         0  stubs.o ABSOLUTE
    _printf_charcount                        0x00000000   Number         0  stubs.o ABSOLUTE
    _printf_d                                0x00000000   Number         0  stubs.o ABSOLUTE
    _printf_e                                0x00000000   Number         0  stubs.o ABSOLUTE
    _printf_f                                0x00000000   Number         0  stubs.o ABSOLUTE
    _printf_flags                            0x00000000   Number         0  stubs.o ABSOLUTE
    _printf_fp_dec                           0x00000000   Number         0  stubs.o ABSOLUTE
    _printf_fp_hex                           0x00000000   Number         0  stubs.o ABSOLUTE
    _printf_g                                0x00000000   Number         0  stubs.o ABSOLUTE
    _printf_i                                0x00000000   Number         0  stubs.o ABSOLUTE
    _printf_int_dec                          0x00000000   Number         0  stubs.o ABSOLUTE
    _printf_l                                0x00000000   Number         0  stubs.o ABSOLUTE
    _printf_lc                               0x00000000   Number         0  stubs.o ABSOLUTE
    _printf_ll                               0x00000000   Number         0  stubs.o ABSOLUTE
    _printf_lld                              0x00000000   Number         0  stubs.o ABSOLUTE
    _printf_lli                              0x00000000   Number         0  stubs.o ABSOLUTE
    _printf_llo                              0x00000000   Number         0  stubs.o ABSOLUTE
    _printf_llu                              0x00000000   Number         0  stubs.o ABSOLUTE
    _printf_llx                              0x00000000   Number         0  stubs.o ABSOLUTE
    _printf_longlong_dec                     0x00000000   Number         0  stubs.o ABSOLUTE
    _printf_longlong_hex                     0x00000000   Number         0  stubs.o ABSOLUTE
    _printf_longlong_oct                     0x00000000   Number         0  stubs.o ABSOLUTE
    _printf_ls                               0x00000000   Number         0  stubs.o ABSOLUTE
    _printf_mbtowc                           0x00000000   Number         0  stubs.o ABSOLUTE
    _printf_n                                0x00000000   Number         0  stubs.o ABSOLUTE
    _printf_o                                0x00000000   Number         0  stubs.o ABSOLUTE
    _printf_p                                0x00000000   Number         0  stubs.o ABSOLUTE
    _printf_percent                          0x00000000   Number         0  stubs.o ABSOLUTE
    _printf_pre_padding                      0x00000000   Number         0  stubs.o ABSOLUTE
    _printf_return_value                     0x00000000   Number         0  stubs.o ABSOLUTE
    _printf_s                                0x00000000   Number         0  stubs.o ABSOLUTE
    _printf_sizespec                         0x00000000   Number         0  stubs.o ABSOLUTE
    _printf_str                              0x00000000   Number         0  stubs.o ABSOLUTE
    _printf_truncate_signed                  0x00000000   Number         0  stubs.o ABSOLUTE
    _printf_truncate_unsigned                0x00000000   Number         0  stubs.o ABSOLUTE
    _printf_u                                0x00000000   Number         0  stubs.o ABSOLUTE
    _printf_wc                               0x00000000   Number         0  stubs.o ABSOLUTE
    _printf_wctomb                           0x00000000   Number         0  stubs.o ABSOLUTE
    _printf_widthprec                        0x00000000   Number         0  stubs.o ABSOLUTE
    _printf_x                                0x00000000   Number         0  stubs.o ABSOLUTE
    __cpp_initialize__aeabi_                  - Undefined Weak Reference
    __cxa_finalize                            - Undefined Weak Reference
    __decompress                              - Undefined Weak Reference
    _clock_init                               - Undefined Weak Reference
    _microlib_exit                            - Undefined Weak Reference
    __Vectors_Size                           0x000000ec   Number         0  startup_stm32f10x_md.o ABSOLUTE
    __Vectors                                0x08000000   Data           4  startup_stm32f10x_md.o(RESET)
    __Vectors_End                            0x080000ec   Data           0  startup_stm32f10x_md.o(RESET)
    __main                                   0x080000ed   Thumb Code     0  entry.o(.ARM.Collect$$$$00000000)
    _main_stk                                0x080000ed   Thumb Code     0  entry2.o(.ARM.Collect$$$$00000001)
    _main_scatterload                        0x080000f1   Thumb Code     0  entry5.o(.ARM.Collect$$$$00000004)
    __main_after_scatterload                 0x080000f5   Thumb Code     0  entry5.o(.ARM.Collect$$$$00000004)
    _main_clock                              0x080000f5   Thumb Code     0  entry7b.o(.ARM.Collect$$$$00000008)
    _main_cpp_init                           0x080000f5   Thumb Code     0  entry8b.o(.ARM.Collect$$$$0000000A)
    _main_init                               0x080000f5   Thumb Code     0  entry9a.o(.ARM.Collect$$$$0000000B)
    __rt_final_cpp                           0x080000fd   Thumb Code     0  entry10a.o(.ARM.Collect$$$$0000000D)
    __rt_final_exit                          0x080000fd   Thumb Code     0  entry11a.o(.ARM.Collect$$$$0000000F)
    Reset_Handler                            0x08000101   Thumb Code     8  startup_stm32f10x_md.o(.text)
    ADC1_2_IRQHandler                        0x0800011b   Thumb Code     0  startup_stm32f10x_md.o(.text)
    CAN1_RX1_IRQHandler                      0x0800011b   Thumb Code     0  startup_stm32f10x_md.o(.text)
    CAN1_SCE_IRQHandler                      0x0800011b   Thumb Code     0  startup_stm32f10x_md.o(.text)
    DMA1_Channel1_IRQHandler                 0x0800011b   Thumb Code     0  startup_stm32f10x_md.o(.text)
    DMA1_Channel2_IRQHandler                 0x0800011b   Thumb Code     0  startup_stm32f10x_md.o(.text)
    DMA1_Channel3_IRQHandler                 0x0800011b   Thumb Code     0  startup_stm32f10x_md.o(.text)
    DMA1_Channel4_IRQHandler                 0x0800011b   Thumb Code     0  startup_stm32f10x_md.o(.text)
    DMA1_Channel5_IRQHandler                 0x0800011b   Thumb Code     0  startup_stm32f10x_md.o(.text)
    DMA1_Channel6_IRQHandler                 0x0800011b   Thumb Code     0  startup_stm32f10x_md.o(.text)
    DMA1_Channel7_IRQHandler                 0x0800011b   Thumb Code     0  startup_stm32f10x_md.o(.text)
    EXTI0_IRQHandler                         0x0800011b   Thumb Code     0  startup_stm32f10x_md.o(.text)
    EXTI15_10_IRQHandler                     0x0800011b   Thumb Code     0  startup_stm32f10x_md.o(.text)
    EXTI1_IRQHandler                         0x0800011b   Thumb Code     0  startup_stm32f10x_md.o(.text)
    EXTI2_IRQHandler                         0x0800011b   Thumb Code     0  startup_stm32f10x_md.o(.text)
    EXTI3_IRQHandler                         0x0800011b   Thumb Code     0  startup_stm32f10x_md.o(.text)
    EXTI4_IRQHandler                         0x0800011b   Thumb Code     0  startup_stm32f10x_md.o(.text)
    EXTI9_5_IRQHandler                       0x0800011b   Thumb Code     0  startup_stm32f10x_md.o(.text)
    FLASH_IRQHandler                         0x0800011b   Thumb Code     0  startup_stm32f10x_md.o(.text)
    I2C1_ER_IRQHandler                       0x0800011b   Thumb Code     0  startup_stm32f10x_md.o(.text)
    I2C1_EV_IRQHandler                       0x0800011b   Thumb Code     0  startup_stm32f10x_md.o(.text)
    I2C2_ER_IRQHandler                       0x0800011b   Thumb Code     0  startup_stm32f10x_md.o(.text)
    I2C2_EV_IRQHandler                       0x0800011b   Thumb Code     0  startup_stm32f10x_md.o(.text)
    PVD_IRQHandler                           0x0800011b   Thumb Code     0  startup_stm32f10x_md.o(.text)
    RCC_IRQHandler                           0x0800011b   Thumb Code     0  startup_stm32f10x_md.o(.text)
    RTCAlarm_IRQHandler                      0x0800011b   Thumb Code     0  startup_stm32f10x_md.o(.text)
    RTC_IRQHandler                           0x0800011b   Thumb Code     0  startup_stm32f10x_md.o(.text)
    SPI1_IRQHandler                          0x0800011b   Thumb Code     0  startup_stm32f10x_md.o(.text)
    SPI2_IRQHandler                          0x0800011b   Thumb Code     0  startup_stm32f10x_md.o(.text)
    TAMPER_IRQHandler                        0x0800011b   Thumb Code     0  startup_stm32f10x_md.o(.text)
    TIM1_BRK_IRQHandler                      0x0800011b   Thumb Code     0  startup_stm32f10x_md.o(.text)
    TIM1_CC_IRQHandler                       0x0800011b   Thumb Code     0  startup_stm32f10x_md.o(.text)
    TIM1_TRG_COM_IRQHandler                  0x0800011b   Thumb Code     0  startup_stm32f10x_md.o(.text)
    TIM1_UP_IRQHandler                       0x0800011b   Thumb Code     0  startup_stm32f10x_md.o(.text)
    TIM2_IRQHandler                          0x0800011b   Thumb Code     0  startup_stm32f10x_md.o(.text)
    TIM4_IRQHandler                          0x0800011b   Thumb Code     0  startup_stm32f10x_md.o(.text)
    USART2_IRQHandler                        0x0800011b   Thumb Code     0  startup_stm32f10x_md.o(.text)
    USART3_IRQHandler                        0x0800011b   Thumb Code     0  startup_stm32f10x_md.o(.text)
    USBWakeUp_IRQHandler                     0x0800011b   Thumb Code     0  startup_stm32f10x_md.o(.text)
    USB_HP_CAN1_TX_IRQHandler                0x0800011b   Thumb Code     0  startup_stm32f10x_md.o(.text)
    USB_LP_CAN1_RX0_IRQHandler               0x0800011b   Thumb Code     0  startup_stm32f10x_md.o(.text)
    WWDG_IRQHandler                          0x0800011b   Thumb Code     0  startup_stm32f10x_md.o(.text)
    __aeabi_memcpy                           0x08000125   Thumb Code    36  memcpya.o(.text)
    __aeabi_memcpy4                          0x08000125   Thumb Code     0  memcpya.o(.text)
    __aeabi_memcpy8                          0x08000125   Thumb Code     0  memcpya.o(.text)
    __aeabi_memset                           0x08000149   Thumb Code    14  memseta.o(.text)
    __aeabi_memset4                          0x08000149   Thumb Code     0  memseta.o(.text)
    __aeabi_memset8                          0x08000149   Thumb Code     0  memseta.o(.text)
    __aeabi_memclr                           0x08000157   Thumb Code     4  memseta.o(.text)
    __aeabi_memclr4                          0x08000157   Thumb Code     0  memseta.o(.text)
    __aeabi_memclr8                          0x08000157   Thumb Code     0  memseta.o(.text)
    _memset$wrapper                          0x0800015b   Thumb Code    18  memseta.o(.text)
    __aeabi_fadd                             0x0800016d   Thumb Code   164  fadd.o(.text)
    __aeabi_fsub                             0x08000211   Thumb Code     6  fadd.o(.text)
    __aeabi_frsub                            0x08000217   Thumb Code     6  fadd.o(.text)
    __aeabi_fmul                             0x0800021d   Thumb Code   100  fmul.o(.text)
    __aeabi_fdiv                             0x08000281   Thumb Code   124  fdiv.o(.text)
    __aeabi_dadd                             0x080002fd   Thumb Code   322  dadd.o(.text)
    __aeabi_dsub                             0x0800043f   Thumb Code     6  dadd.o(.text)
    __aeabi_drsub                            0x08000445   Thumb Code     6  dadd.o(.text)
    __aeabi_dmul                             0x0800044b   Thumb Code   228  dmul.o(.text)
    __aeabi_ddiv                             0x0800052f   Thumb Code   222  ddiv.o(.text)
    __aeabi_i2f                              0x0800060d   Thumb Code    18  fflti.o(.text)
    __aeabi_ui2f                             0x0800061f   Thumb Code    10  ffltui.o(.text)
    __aeabi_i2d                              0x08000629   Thumb Code    34  dflti.o(.text)
    __aeabi_f2d                              0x0800064b   Thumb Code    38  f2d.o(.text)
    __aeabi_d2f                              0x08000671   Thumb Code    56  d2f.o(.text)
    __aeabi_cfcmpeq                          0x080006a9   Thumb Code     0  cfcmple.o(.text)
    __aeabi_cfcmple                          0x080006a9   Thumb Code    20  cfcmple.o(.text)
    __aeabi_uidiv                            0x080006bd   Thumb Code     0  uidiv.o(.text)
    __aeabi_uidivmod                         0x080006bd   Thumb Code    44  uidiv.o(.text)
    __aeabi_uldivmod                         0x080006e9   Thumb Code    98  uldiv.o(.text)
    __aeabi_llsl                             0x0800074b   Thumb Code    30  llshl.o(.text)
    _ll_shift_l                              0x0800074b   Thumb Code     0  llshl.o(.text)
    __aeabi_llsr                             0x08000769   Thumb Code    32  llushr.o(.text)
    _ll_ushift_r                             0x08000769   Thumb Code     0  llushr.o(.text)
    __aeabi_lasr                             0x08000789   Thumb Code    36  llsshr.o(.text)
    _ll_sshift_r                             0x08000789   Thumb Code     0  llsshr.o(.text)
    __I$use$fp                               0x080007ad   Thumb Code     0  iusefp.o(.text)
    _float_round                             0x080007ad   Thumb Code    18  fepilogue.o(.text)
    _float_epilogue                          0x080007bf   Thumb Code    92  fepilogue.o(.text)
    _double_round                            0x0800081b   Thumb Code    30  depilogue.o(.text)
    _double_epilogue                         0x08000839   Thumb Code   156  depilogue.o(.text)
    __aeabi_d2ulz                            0x080008d5   Thumb Code    48  dfixul.o(.text)
    __aeabi_cdrcmple                         0x08000905   Thumb Code    48  cdrcmple.o(.text)
    __scatterload                            0x08000935   Thumb Code    28  init.o(.text)
    __scatterload_rt2                        0x08000935   Thumb Code     0  init.o(.text)
    BusFault_Handler                         0x08000959   Thumb Code     4  stm32f10x_it.o(i.BusFault_Handler)
    ConfigureInvDevice                       0x0800095d   Thumb Code   110  example-raw-data-registers.o(i.ConfigureInvDevice)
    DebugMon_Handler                         0x080009d1   Thumb Code     2  stm32f10x_it.o(i.DebugMon_Handler)
    GPIO_Init                                0x080009d3   Thumb Code   278  stm32f10x_gpio.o(i.GPIO_Init)
    GPIO_SetBits                             0x08000ae9   Thumb Code     4  stm32f10x_gpio.o(i.GPIO_SetBits)
    HandleInvDeviceDataRegisters             0x08000aed   Thumb Code   188  example-raw-data-registers.o(i.HandleInvDeviceDataRegisters)
    HardFault_Handler                        0x08000c19   Thumb Code     4  stm32f10x_it.o(i.HardFault_Handler)
    IIC_Init                                 0x08000c1d   Thumb Code    38  myiic.o(i.IIC_Init)
    IMU_AHRSupdate                           0x08000c49   Thumb Code  1552  imu.o(i.IMU_AHRSupdate)
    IMU_ROS                                  0x08001271   Thumb Code   298  main.o(i.IMU_ROS)
    IMU_getQ                                 0x080013e1   Thumb Code   148  imu.o(i.IMU_getQ)
    IMU_getValues                            0x08001491   Thumb Code   200  imu.o(i.IMU_getValues)
    IMU_init                                 0x08001575   Thumb Code    58  imu.o(i.IMU_init)
    Initial_Timer3                           0x080015d9   Thumb Code   108  delay.o(i.Initial_Timer3)
    MemManage_Handler                        0x08001649   Thumb Code     4  stm32f10x_it.o(i.MemManage_Handler)
    NMI_Handler                              0x0800164d   Thumb Code     2  stm32f10x_it.o(i.NMI_Handler)
    NVIC_Init                                0x08001651   Thumb Code   100  misc.o(i.NVIC_Init)
    NVIC_PriorityGroupConfig                 0x080016c1   Thumb Code    10  misc.o(i.NVIC_PriorityGroupConfig)
    PendSV_Handler                           0x080016d5   Thumb Code     2  stm32f10x_it.o(i.PendSV_Handler)
    RCC_APB1PeriphClockCmd                   0x080016d9   Thumb Code    26  stm32f10x_rcc.o(i.RCC_APB1PeriphClockCmd)
    RCC_APB1PeriphResetCmd                   0x080016f9   Thumb Code    26  stm32f10x_rcc.o(i.RCC_APB1PeriphResetCmd)
    RCC_APB2PeriphClockCmd                   0x08001719   Thumb Code    26  stm32f10x_rcc.o(i.RCC_APB2PeriphClockCmd)
    RCC_APB2PeriphResetCmd                   0x08001739   Thumb Code    26  stm32f10x_rcc.o(i.RCC_APB2PeriphResetCmd)
    RCC_GetClocksFreq                        0x08001759   Thumb Code   192  stm32f10x_rcc.o(i.RCC_GetClocksFreq)
    SPI2_Init                                0x0800182d   Thumb Code   138  spi.o(i.SPI2_Init)
    SPI2_ReadWriteByte                       0x080018c9   Thumb Code    78  spi.o(i.SPI2_ReadWriteByte)
    SPI_Cmd                                  0x0800191d   Thumb Code    24  stm32f10x_spi.o(i.SPI_Cmd)
    SPI_I2S_GetFlagStatus                    0x08001935   Thumb Code    18  stm32f10x_spi.o(i.SPI_I2S_GetFlagStatus)
    SPI_I2S_ReceiveData                      0x08001947   Thumb Code     6  stm32f10x_spi.o(i.SPI_I2S_ReceiveData)
    SPI_I2S_SendData                         0x0800194d   Thumb Code     4  stm32f10x_spi.o(i.SPI_I2S_SendData)
    SPI_Init                                 0x08001951   Thumb Code    60  stm32f10x_spi.o(i.SPI_Init)
    SVC_Handler                              0x0800198d   Thumb Code     2  stm32f10x_it.o(i.SVC_Handler)
    SetupInvDevice                           0x08001a79   Thumb Code   114  example-raw-data-registers.o(i.SetupInvDevice)
    SysTick_CLKSourceConfig                  0x08001bc5   Thumb Code    40  misc.o(i.SysTick_CLKSourceConfig)
    SysTick_Handler                          0x08001bed   Thumb Code     2  stm32f10x_it.o(i.SysTick_Handler)
    SystemInit                               0x08001bf1   Thumb Code    78  system_stm32f10x.o(i.SystemInit)
    TIM3_IRQHandler                          0x08001c51   Thumb Code    40  delay.o(i.TIM3_IRQHandler)
    TIM_ClearFlag                            0x08001c81   Thumb Code     6  stm32f10x_tim.o(i.TIM_ClearFlag)
    TIM_ClearITPendingBit                    0x08001c87   Thumb Code     6  stm32f10x_tim.o(i.TIM_ClearITPendingBit)
    TIM_Cmd                                  0x08001c8d   Thumb Code    24  stm32f10x_tim.o(i.TIM_Cmd)
    TIM_DeInit                               0x08001ca5   Thumb Code   424  stm32f10x_tim.o(i.TIM_DeInit)
    TIM_GetITStatus                          0x08001e8d   Thumb Code    34  stm32f10x_tim.o(i.TIM_GetITStatus)
    TIM_ITConfig                             0x08001eaf   Thumb Code    18  stm32f10x_tim.o(i.TIM_ITConfig)
    TIM_TimeBaseInit                         0x08001ec1   Thumb Code   122  stm32f10x_tim.o(i.TIM_TimeBaseInit)
    USART1_IRQHandler                        0x08001f65   Thumb Code   268  usart.o(i.USART1_IRQHandler)
    USART_ClearITPendingBit                  0x0800208d   Thumb Code    30  stm32f10x_usart.o(i.USART_ClearITPendingBit)
    USART_Cmd                                0x080020ab   Thumb Code    24  stm32f10x_usart.o(i.USART_Cmd)
    USART_DeInit                             0x080020c5   Thumb Code   134  stm32f10x_usart.o(i.USART_DeInit)
    USART_GetITStatus                        0x08002161   Thumb Code    84  stm32f10x_usart.o(i.USART_GetITStatus)
    USART_ITConfig                           0x080021b5   Thumb Code    74  stm32f10x_usart.o(i.USART_ITConfig)
    USART_Init                               0x08002201   Thumb Code   210  stm32f10x_usart.o(i.USART_Init)
    USART_ReceiveData                        0x080022d9   Thumb Code    10  stm32f10x_usart.o(i.USART_ReceiveData)
    USART_SendData                           0x080022e3   Thumb Code     8  stm32f10x_usart.o(i.USART_SendData)
    UsageFault_Handler                       0x080022eb   Thumb Code     4  stm32f10x_it.o(i.UsageFault_Handler)
    __0printf                                0x080022f1   Thumb Code    22  printfa.o(i.__0printf)
    __1printf                                0x080022f1   Thumb Code     0  printfa.o(i.__0printf)
    __2printf                                0x080022f1   Thumb Code     0  printfa.o(i.__0printf)
    __c89printf                              0x080022f1   Thumb Code     0  printfa.o(i.__0printf)
    printf                                   0x080022f1   Thumb Code     0  printfa.o(i.__0printf)
    __scatterload_copy                       0x08002311   Thumb Code    14  handlers.o(i.__scatterload_copy)
    __scatterload_null                       0x0800231f   Thumb Code     2  handlers.o(i.__scatterload_null)
    __scatterload_zeroinit                   0x08002321   Thumb Code    14  handlers.o(i.__scatterload_zeroinit)
    bsp_IcmGetRawData                        0x08002c8d   Thumb Code   310  example-raw-data-registers.o(i.bsp_IcmGetRawData)
    calGyroVariance                          0x08002dcd   Thumb Code   672  imu.o(i.calGyroVariance)
    delay_init                               0x080030bd   Thumb Code    50  delay.o(i.delay_init)
    delay_ms                                 0x08003101   Thumb Code    72  delay.o(i.delay_ms)
    delay_us                                 0x0800314d   Thumb Code    72  delay.o(i.delay_us)
    fputc                                    0x08003199   Thumb Code    24  usart.o(i.fputc)
    invSqrt1                                 0x080031f5   Thumb Code    72  imu.o(i.invSqrt1)
    inv_error_str                            0x08003241   Thumb Code   100  errorhelper.o(i.inv_error_str)
    inv_icm426xx_configure_fifo              0x080033f5   Thumb Code   342  icm426xxdriver_hl.o(i.inv_icm426xx_configure_fifo)
    inv_icm426xx_configure_timestamp_resolution 0x080035eb   Thumb Code    58  icm426xxdriver_hl.o(i.inv_icm426xx_configure_timestamp_resolution)
    inv_icm426xx_device_reset                0x08003625   Thumb Code   282  icm426xxdriver_hl.o(i.inv_icm426xx_device_reset)
    inv_icm426xx_disable_high_resolution_fifo 0x0800373f   Thumb Code    52  icm426xxdriver_hl.o(i.inv_icm426xx_disable_high_resolution_fifo)
    inv_icm426xx_enable_accel_low_noise_mode 0x08003773   Thumb Code   116  icm426xxdriver_hl.o(i.inv_icm426xx_enable_accel_low_noise_mode)
    inv_icm426xx_enable_accel_low_power_mode 0x080037e7   Thumb Code   114  icm426xxdriver_hl.o(i.inv_icm426xx_enable_accel_low_power_mode)
    inv_icm426xx_enable_clkin_rtc            0x08003859   Thumb Code   188  icm426xxdriver_hl.o(i.inv_icm426xx_enable_clkin_rtc)
    inv_icm426xx_enable_gyro_low_noise_mode  0x08003915   Thumb Code   190  icm426xxdriver_hl.o(i.inv_icm426xx_enable_gyro_low_noise_mode)
    inv_icm426xx_get_config_int1             0x080039d9   Thumb Code   206  icm426xxdriver_hl.o(i.inv_icm426xx_get_config_int1)
    inv_icm426xx_get_time_us                 0x08003aa7   Thumb Code     6  main.o(i.inv_icm426xx_get_time_us)
    inv_icm426xx_get_who_am_i                0x08003aad   Thumb Code    20  icm426xxdriver_hl.o(i.inv_icm426xx_get_who_am_i)
    inv_icm426xx_init                        0x08003ac1   Thumb Code   106  icm426xxdriver_hl.o(i.inv_icm426xx_init)
    inv_icm426xx_init_transport              0x08003e09   Thumb Code   120  icm426xxtransport.o(i.inv_icm426xx_init_transport)
    inv_icm426xx_read_reg                    0x08003e81   Thumb Code   130  icm426xxtransport.o(i.inv_icm426xx_read_reg)
    inv_icm426xx_set_accel_frequency         0x08003f03   Thumb Code    58  icm426xxdriver_hl.o(i.inv_icm426xx_set_accel_frequency)
    inv_icm426xx_set_accel_fsr               0x08003f3d   Thumb Code    58  icm426xxdriver_hl.o(i.inv_icm426xx_set_accel_fsr)
    inv_icm426xx_set_config_ibi              0x08003f77   Thumb Code   362  icm426xxdriver_hl.o(i.inv_icm426xx_set_config_ibi)
    inv_icm426xx_set_config_int1             0x080040e1   Thumb Code   436  icm426xxdriver_hl.o(i.inv_icm426xx_set_config_int1)
    inv_icm426xx_set_gyro_frequency          0x08004295   Thumb Code    58  icm426xxdriver_hl.o(i.inv_icm426xx_set_gyro_frequency)
    inv_icm426xx_set_gyro_fsr                0x080042cf   Thumb Code    58  icm426xxdriver_hl.o(i.inv_icm426xx_set_gyro_fsr)
    inv_icm426xx_set_reg_bank                0x08004309   Thumb Code    18  icm426xxdriver_hl.o(i.inv_icm426xx_set_reg_bank)
    inv_icm426xx_sleep_us                    0x0800431b   Thumb Code    12  main.o(i.inv_icm426xx_sleep_us)
    inv_icm426xx_write_reg                   0x08004327   Thumb Code   130  icm426xxtransport.o(i.inv_icm426xx_write_reg)
    inv_io_hal_read_reg                      0x080043a9   Thumb Code    60  main.o(i.inv_io_hal_read_reg)
    inv_io_hal_write_reg                     0x080043e9   Thumb Code    46  main.o(i.inv_io_hal_write_reg)
    main                                     0x08004461   Thumb Code   110  main.o(i.main)
    uart_init                                0x08004521   Thumb Code   158  usart.o(i.uart_init)
    Region$$Table$$Base                      0x0800461c   Number         0  anon$$obj.o(Region$$Table)
    Region$$Table$$Limit                     0x0800463c   Number         0  anon$$obj.o(Region$$Table)
    SystemCoreClock                          0x20000000   Data           4  system_stm32f10x.o(.data)
    AHBPrescTable                            0x20000004   Data          16  system_stm32f10x.o(.data)
    exInt                                    0x20000038   Data           4  imu.o(.data)
    eyInt                                    0x2000003c   Data           4  imu.o(.data)
    ezInt                                    0x20000040   Data           4  imu.o(.data)
    q0                                       0x20000044   Data           4  imu.o(.data)
    q1                                       0x20000048   Data           4  imu.o(.data)
    q2                                       0x2000004c   Data           4  imu.o(.data)
    q3                                       0x20000050   Data           4  imu.o(.data)
    integralFBhand                           0x20000054   Data           4  imu.o(.data)
    handdiff                                 0x20000058   Data           4  imu.o(.data)
    lastUpdate                               0x2000005c   Data           4  imu.o(.data)
    now                                      0x20000060   Data           4  imu.o(.data)
    Ax_offset                                0x20000064   Data           2  imu.o(.data)
    Ay_offset                                0x20000066   Data           2  imu.o(.data)
    CalCount                                 0x20000070   Data           4  imu.o(.data)
    nowtime                                  0x20000074   Data           4  delay.o(.data)
    U2TxCounter                              0x2000007c   Data           1  usart.o(.data)
    U2count                                  0x2000007d   Data           1  usart.o(.data)
    __stdout                                 0x20000080   Data           4  usart.o(.data)
    USART_RX_STA                             0x20000084   Data           2  usart.o(.data)
    rx_wr_index                              0x20000086   Data           1  usart.o(.data)
    RC_Flag                                  0x20000087   Data           1  usart.o(.data)
    north                                    0x20000920   Data          12  imu.o(.bss)
    west                                     0x2000092c   Data          12  imu.o(.bss)
    yaw                                      0x20000938   Data          20  imu.o(.bss)
    TTangles_gyro                            0x2000094c   Data          28  imu.o(.bss)
    Angle_Final                              0x20000968   Data          12  imu.o(.bss)
    gyro_offset                              0x200025c8   Data          12  imu.o(.bss)
    mygetqval                                0x200025d4   Data          36  imu.o(.bss)
    SPI_InitStructure                        0x200025f8   Data          18  spi.o(.bss)
    U2TxBuffer                               0x2000260a   Data         258  usart.o(.bss)
    USART_RX_BUF                             0x2000270c   Data         200  usart.o(.bss)
    rx_buffer                                0x200027d4   Data         100  usart.o(.bss)
    __initial_sp                             0x20002c38   Data           0  startup_stm32f10x_md.o(STACK)



==============================================================================

Memory Map of the image

  Image Entry point : 0x080000ed

  Load Region LR_IROM1 (Base: 0x08000000, Size: 0x000046d8, Max: 0x00010000, ABSOLUTE)

    Execution Region ER_IROM1 (Exec base: 0x08000000, Load base: 0x08000000, Size: 0x0000463c, Max: 0x00010000, ABSOLUTE)

    Exec Addr    Load Addr    Size         Type   Attr      Idx    E Section Name        Object

    0x08000000   0x08000000   0x000000ec   Data   RO          766    RESET               startup_stm32f10x_md.o
    0x080000ec   0x080000ec   0x00000000   Code   RO         2899  * .ARM.Collect$$$$00000000  mc_w.l(entry.o)
    0x080000ec   0x080000ec   0x00000004   Code   RO         3234    .ARM.Collect$$$$00000001  mc_w.l(entry2.o)
    0x080000f0   0x080000f0   0x00000004   Code   RO         3237    .ARM.Collect$$$$00000004  mc_w.l(entry5.o)
    0x080000f4   0x080000f4   0x00000000   Code   RO         3239    .ARM.Collect$$$$00000008  mc_w.l(entry7b.o)
    0x080000f4   0x080000f4   0x00000000   Code   RO         3241    .ARM.Collect$$$$0000000A  mc_w.l(entry8b.o)
    0x080000f4   0x080000f4   0x00000008   Code   RO         3242    .ARM.Collect$$$$0000000B  mc_w.l(entry9a.o)
    0x080000fc   0x080000fc   0x00000000   Code   RO         3244    .ARM.Collect$$$$0000000D  mc_w.l(entry10a.o)
    0x080000fc   0x080000fc   0x00000000   Code   RO         3246    .ARM.Collect$$$$0000000F  mc_w.l(entry11a.o)
    0x080000fc   0x080000fc   0x00000004   Code   RO         3235    .ARM.Collect$$$$00002712  mc_w.l(entry2.o)
    0x08000100   0x08000100   0x00000024   Code   RO          767    .text               startup_stm32f10x_md.o
    0x08000124   0x08000124   0x00000024   Code   RO         2902    .text               mc_w.l(memcpya.o)
    0x08000148   0x08000148   0x00000024   Code   RO         2904    .text               mc_w.l(memseta.o)
    0x0800016c   0x0800016c   0x000000b0   Code   RO         3169    .text               mf_w.l(fadd.o)
    0x0800021c   0x0800021c   0x00000064   Code   RO         3171    .text               mf_w.l(fmul.o)
    0x08000280   0x08000280   0x0000007c   Code   RO         3173    .text               mf_w.l(fdiv.o)
    0x080002fc   0x080002fc   0x0000014e   Code   RO         3175    .text               mf_w.l(dadd.o)
    0x0800044a   0x0800044a   0x000000e4   Code   RO         3177    .text               mf_w.l(dmul.o)
    0x0800052e   0x0800052e   0x000000de   Code   RO         3179    .text               mf_w.l(ddiv.o)
    0x0800060c   0x0800060c   0x00000012   Code   RO         3181    .text               mf_w.l(fflti.o)
    0x0800061e   0x0800061e   0x0000000a   Code   RO         3183    .text               mf_w.l(ffltui.o)
    0x08000628   0x08000628   0x00000022   Code   RO         3185    .text               mf_w.l(dflti.o)
    0x0800064a   0x0800064a   0x00000026   Code   RO         3189    .text               mf_w.l(f2d.o)
    0x08000670   0x08000670   0x00000038   Code   RO         3191    .text               mf_w.l(d2f.o)
    0x080006a8   0x080006a8   0x00000014   Code   RO         3193    .text               mf_w.l(cfcmple.o)
    0x080006bc   0x080006bc   0x0000002c   Code   RO         3248    .text               mc_w.l(uidiv.o)
    0x080006e8   0x080006e8   0x00000062   Code   RO         3250    .text               mc_w.l(uldiv.o)
    0x0800074a   0x0800074a   0x0000001e   Code   RO         3252    .text               mc_w.l(llshl.o)
    0x08000768   0x08000768   0x00000020   Code   RO         3254    .text               mc_w.l(llushr.o)
    0x08000788   0x08000788   0x00000024   Code   RO         3256    .text               mc_w.l(llsshr.o)
    0x080007ac   0x080007ac   0x00000000   Code   RO         3265    .text               mc_w.l(iusefp.o)
    0x080007ac   0x080007ac   0x0000006e   Code   RO         3266    .text               mf_w.l(fepilogue.o)
    0x0800081a   0x0800081a   0x000000ba   Code   RO         3268    .text               mf_w.l(depilogue.o)
    0x080008d4   0x080008d4   0x00000030   Code   RO         3272    .text               mf_w.l(dfixul.o)
    0x08000904   0x08000904   0x00000030   Code   RO         3274    .text               mf_w.l(cdrcmple.o)
    0x08000934   0x08000934   0x00000024   Code   RO         3276    .text               mc_w.l(init.o)
    0x08000958   0x08000958   0x00000004   Code   RO          161    i.BusFault_Handler  stm32f10x_it.o
    0x0800095c   0x0800095c   0x00000074   Code   RO          275    i.ConfigureInvDevice  example-raw-data-registers.o
    0x080009d0   0x080009d0   0x00000002   Code   RO          162    i.DebugMon_Handler  stm32f10x_it.o
    0x080009d2   0x080009d2   0x00000116   Code   RO          933    i.GPIO_Init         stm32f10x_gpio.o
    0x08000ae8   0x08000ae8   0x00000004   Code   RO          941    i.GPIO_SetBits      stm32f10x_gpio.o
    0x08000aec   0x08000aec   0x0000012c   Code   RO          277    i.HandleInvDeviceDataRegisters  example-raw-data-registers.o
    0x08000c18   0x08000c18   0x00000004   Code   RO          163    i.HardFault_Handler  stm32f10x_it.o
    0x08000c1c   0x08000c1c   0x0000002c   Code   RO          336    i.IIC_Init          myiic.o
    0x08000c48   0x08000c48   0x00000628   Code   RO          492    i.IMU_AHRSupdate    imu.o
    0x08001270   0x08001270   0x00000170   Code   RO            1    i.IMU_ROS           main.o
    0x080013e0   0x080013e0   0x000000b0   Code   RO          494    i.IMU_getQ          imu.o
    0x08001490   0x08001490   0x000000e4   Code   RO          495    i.IMU_getValues     imu.o
    0x08001574   0x08001574   0x00000064   Code   RO          497    i.IMU_init          imu.o
    0x080015d8   0x080015d8   0x00000070   Code   RO          634    i.Initial_Timer3    delay.o
    0x08001648   0x08001648   0x00000004   Code   RO          164    i.MemManage_Handler  stm32f10x_it.o
    0x0800164c   0x0800164c   0x00000002   Code   RO          165    i.NMI_Handler       stm32f10x_it.o
    0x0800164e   0x0800164e   0x00000002   PAD
    0x08001650   0x08001650   0x00000070   Code   RO          771    i.NVIC_Init         misc.o
    0x080016c0   0x080016c0   0x00000014   Code   RO          772    i.NVIC_PriorityGroupConfig  misc.o
    0x080016d4   0x080016d4   0x00000002   Code   RO          166    i.PendSV_Handler    stm32f10x_it.o
    0x080016d6   0x080016d6   0x00000002   PAD
    0x080016d8   0x080016d8   0x00000020   Code   RO         1043    i.RCC_APB1PeriphClockCmd  stm32f10x_rcc.o
    0x080016f8   0x080016f8   0x00000020   Code   RO         1044    i.RCC_APB1PeriphResetCmd  stm32f10x_rcc.o
    0x08001718   0x08001718   0x00000020   Code   RO         1045    i.RCC_APB2PeriphClockCmd  stm32f10x_rcc.o
    0x08001738   0x08001738   0x00000020   Code   RO         1046    i.RCC_APB2PeriphResetCmd  stm32f10x_rcc.o
    0x08001758   0x08001758   0x000000d4   Code   RO         1053    i.RCC_GetClocksFreq  stm32f10x_rcc.o
    0x0800182c   0x0800182c   0x0000009c   Code   RO          607    i.SPI2_Init         spi.o
    0x080018c8   0x080018c8   0x00000054   Code   RO          608    i.SPI2_ReadWriteByte  spi.o
    0x0800191c   0x0800191c   0x00000018   Code   RO         2148    i.SPI_Cmd           stm32f10x_spi.o
    0x08001934   0x08001934   0x00000012   Code   RO         2156    i.SPI_I2S_GetFlagStatus  stm32f10x_spi.o
    0x08001946   0x08001946   0x00000006   Code   RO         2159    i.SPI_I2S_ReceiveData  stm32f10x_spi.o
    0x0800194c   0x0800194c   0x00000004   Code   RO         2160    i.SPI_I2S_SendData  stm32f10x_spi.o
    0x08001950   0x08001950   0x0000003c   Code   RO         2161    i.SPI_Init          stm32f10x_spi.o
    0x0800198c   0x0800198c   0x00000002   Code   RO          167    i.SVC_Handler       stm32f10x_it.o
    0x0800198e   0x0800198e   0x00000008   Code   RO          241    i.SetSysClock       system_stm32f10x.o
    0x08001996   0x08001996   0x00000002   PAD
    0x08001998   0x08001998   0x000000e0   Code   RO          242    i.SetSysClockTo72   system_stm32f10x.o
    0x08001a78   0x08001a78   0x00000128   Code   RO          278    i.SetupInvDevice    example-raw-data-registers.o
    0x08001ba0   0x08001ba0   0x00000024   Code   RO            2    i.SetupMCUHardware  main.o
    0x08001bc4   0x08001bc4   0x00000028   Code   RO          775    i.SysTick_CLKSourceConfig  misc.o
    0x08001bec   0x08001bec   0x00000002   Code   RO          168    i.SysTick_Handler   stm32f10x_it.o
    0x08001bee   0x08001bee   0x00000002   PAD
    0x08001bf0   0x08001bf0   0x00000060   Code   RO          244    i.SystemInit        system_stm32f10x.o
    0x08001c50   0x08001c50   0x00000030   Code   RO          635    i.TIM3_IRQHandler   delay.o
    0x08001c80   0x08001c80   0x00000006   Code   RO         1431    i.TIM_ClearFlag     stm32f10x_tim.o
    0x08001c86   0x08001c86   0x00000006   Code   RO         1432    i.TIM_ClearITPendingBit  stm32f10x_tim.o
    0x08001c8c   0x08001c8c   0x00000018   Code   RO         1437    i.TIM_Cmd           stm32f10x_tim.o
    0x08001ca4   0x08001ca4   0x000001e8   Code   RO         1442    i.TIM_DeInit        stm32f10x_tim.o
    0x08001e8c   0x08001e8c   0x00000022   Code   RO         1458    i.TIM_GetITStatus   stm32f10x_tim.o
    0x08001eae   0x08001eae   0x00000012   Code   RO         1462    i.TIM_ITConfig      stm32f10x_tim.o
    0x08001ec0   0x08001ec0   0x000000a4   Code   RO         1508    i.TIM_TimeBaseInit  stm32f10x_tim.o
    0x08001f64   0x08001f64   0x00000128   Code   RO          692    i.USART1_IRQHandler  usart.o
    0x0800208c   0x0800208c   0x0000001e   Code   RO         1242    i.USART_ClearITPendingBit  stm32f10x_usart.o
    0x080020aa   0x080020aa   0x00000018   Code   RO         1245    i.USART_Cmd         stm32f10x_usart.o
    0x080020c2   0x080020c2   0x00000002   PAD
    0x080020c4   0x080020c4   0x0000009c   Code   RO         1247    i.USART_DeInit      stm32f10x_usart.o
    0x08002160   0x08002160   0x00000054   Code   RO         1249    i.USART_GetITStatus  stm32f10x_usart.o
    0x080021b4   0x080021b4   0x0000004a   Code   RO         1251    i.USART_ITConfig    stm32f10x_usart.o
    0x080021fe   0x080021fe   0x00000002   PAD
    0x08002200   0x08002200   0x000000d8   Code   RO         1252    i.USART_Init        stm32f10x_usart.o
    0x080022d8   0x080022d8   0x0000000a   Code   RO         1259    i.USART_ReceiveData  stm32f10x_usart.o
    0x080022e2   0x080022e2   0x00000008   Code   RO         1262    i.USART_SendData    stm32f10x_usart.o
    0x080022ea   0x080022ea   0x00000004   Code   RO          169    i.UsageFault_Handler  stm32f10x_it.o
    0x080022ee   0x080022ee   0x00000002   PAD
    0x080022f0   0x080022f0   0x00000020   Code   RO         3141    i.__0printf         mc_w.l(printfa.o)
    0x08002310   0x08002310   0x0000000e   Code   RO         3284    i.__scatterload_copy  mc_w.l(handlers.o)
    0x0800231e   0x0800231e   0x00000002   Code   RO         3285    i.__scatterload_null  mc_w.l(handlers.o)
    0x08002320   0x08002320   0x0000000e   Code   RO         3286    i.__scatterload_zeroinit  mc_w.l(handlers.o)
    0x0800232e   0x0800232e   0x00000002   PAD
    0x08002330   0x08002330   0x00000184   Code   RO         3148    i._fp_digits        mc_w.l(printfa.o)
    0x080024b4   0x080024b4   0x000006dc   Code   RO         3149    i._printf_core      mc_w.l(printfa.o)
    0x08002b90   0x08002b90   0x00000024   Code   RO         3150    i._printf_post_padding  mc_w.l(printfa.o)
    0x08002bb4   0x08002bb4   0x0000002e   Code   RO         3151    i._printf_pre_padding  mc_w.l(printfa.o)
    0x08002be2   0x08002be2   0x000000aa   Code   RO          279    i.apply_mounting_matrix  example-raw-data-registers.o
    0x08002c8c   0x08002c8c   0x00000140   Code   RO          280    i.bsp_IcmGetRawData  example-raw-data-registers.o
    0x08002dcc   0x08002dcc   0x000002b8   Code   RO          499    i.calGyroVariance   imu.o
    0x08003084   0x08003084   0x00000038   Code   RO            3    i.check_rc          main.o
    0x080030bc   0x080030bc   0x00000044   Code   RO          636    i.delay_init        delay.o
    0x08003100   0x08003100   0x0000004c   Code   RO          637    i.delay_ms          delay.o
    0x0800314c   0x0800314c   0x0000004c   Code   RO          638    i.delay_us          delay.o
    0x08003198   0x08003198   0x0000001c   Code   RO          694    i.fputc             usart.o
    0x080031b4   0x080031b4   0x0000003e   Code   RO         2819    i.get_register_cache_addr  icm426xxtransport.o
    0x080031f2   0x080031f2   0x00000002   PAD
    0x080031f4   0x080031f4   0x0000004c   Code   RO          500    i.invSqrt1          imu.o
    0x08003240   0x08003240   0x000001b4   Code   RO         2856    i.inv_error_str     errorhelper.o
    0x080033f4   0x080033f4   0x00000156   Code   RO         2287    i.inv_icm426xx_configure_fifo  icm426xxdriver_hl.o
    0x0800354a   0x0800354a   0x000000a0   Code   RO         2289    i.inv_icm426xx_configure_serial_interface  icm426xxdriver_hl.o
    0x080035ea   0x080035ea   0x0000003a   Code   RO         2290    i.inv_icm426xx_configure_timestamp_resolution  icm426xxdriver_hl.o
    0x08003624   0x08003624   0x0000011a   Code   RO         2292    i.inv_icm426xx_device_reset  icm426xxdriver_hl.o
    0x0800373e   0x0800373e   0x00000034   Code   RO         2296    i.inv_icm426xx_disable_high_resolution_fifo  icm426xxdriver_hl.o
    0x08003772   0x08003772   0x00000074   Code   RO         2298    i.inv_icm426xx_enable_accel_low_noise_mode  icm426xxdriver_hl.o
    0x080037e6   0x080037e6   0x00000072   Code   RO         2299    i.inv_icm426xx_enable_accel_low_power_mode  icm426xxdriver_hl.o
    0x08003858   0x08003858   0x000000bc   Code   RO         2300    i.inv_icm426xx_enable_clkin_rtc  icm426xxdriver_hl.o
    0x08003914   0x08003914   0x000000c4   Code   RO         2302    i.inv_icm426xx_enable_gyro_low_noise_mode  icm426xxdriver_hl.o
    0x080039d8   0x080039d8   0x000000ce   Code   RO         2310    i.inv_icm426xx_get_config_int1  icm426xxdriver_hl.o
    0x08003aa6   0x08003aa6   0x00000006   Code   RO            4    i.inv_icm426xx_get_time_us  main.o
    0x08003aac   0x08003aac   0x00000014   Code   RO         2319    i.inv_icm426xx_get_who_am_i  icm426xxdriver_hl.o
    0x08003ac0   0x08003ac0   0x0000006a   Code   RO         2320    i.inv_icm426xx_init  icm426xxdriver_hl.o
    0x08003b2a   0x08003b2a   0x00000002   PAD
    0x08003b2c   0x08003b2c   0x000002dc   Code   RO         2321    i.inv_icm426xx_init_hardware_from_ui  icm426xxdriver_hl.o
    0x08003e08   0x08003e08   0x00000078   Code   RO         2820    i.inv_icm426xx_init_transport  icm426xxtransport.o
    0x08003e80   0x08003e80   0x00000082   Code   RO         2821    i.inv_icm426xx_read_reg  icm426xxtransport.o
    0x08003f02   0x08003f02   0x0000003a   Code   RO         2324    i.inv_icm426xx_set_accel_frequency  icm426xxdriver_hl.o
    0x08003f3c   0x08003f3c   0x0000003a   Code   RO         2325    i.inv_icm426xx_set_accel_fsr  icm426xxdriver_hl.o
    0x08003f76   0x08003f76   0x0000016a   Code   RO         2328    i.inv_icm426xx_set_config_ibi  icm426xxdriver_hl.o
    0x080040e0   0x080040e0   0x000001b4   Code   RO         2329    i.inv_icm426xx_set_config_int1  icm426xxdriver_hl.o
    0x08004294   0x08004294   0x0000003a   Code   RO         2331    i.inv_icm426xx_set_gyro_frequency  icm426xxdriver_hl.o
    0x080042ce   0x080042ce   0x0000003a   Code   RO         2332    i.inv_icm426xx_set_gyro_fsr  icm426xxdriver_hl.o
    0x08004308   0x08004308   0x00000012   Code   RO         2334    i.inv_icm426xx_set_reg_bank  icm426xxdriver_hl.o
    0x0800431a   0x0800431a   0x0000000c   Code   RO            5    i.inv_icm426xx_sleep_us  main.o
    0x08004326   0x08004326   0x00000082   Code   RO         2822    i.inv_icm426xx_write_reg  icm426xxtransport.o
    0x080043a8   0x080043a8   0x00000040   Code   RO            6    i.inv_io_hal_read_reg  main.o
    0x080043e8   0x080043e8   0x0000002e   Code   RO            7    i.inv_io_hal_write_reg  main.o
    0x08004416   0x08004416   0x00000002   PAD
    0x08004418   0x08004418   0x0000002c   Code   RO            8    i.io_write_reg      main.o
    0x08004444   0x08004444   0x0000001c   Code   RO         2823    i.is_aux_interface  icm426xxtransport.o
    0x08004460   0x08004460   0x000000c0   Code   RO            9    i.main              main.o
    0x08004520   0x08004520   0x000000a8   Code   RO          695    i.uart_init         usart.o
    0x080045c8   0x080045c8   0x0000000e   Data   RO         2335    .constdata          icm426xxdriver_hl.o
    0x080045d6   0x080045d6   0x00000002   PAD
    0x080045d8   0x080045d8   0x00000042   Data   RO          282    .conststring        example-raw-data-registers.o
    0x0800461a   0x0800461a   0x00000002   PAD
    0x0800461c   0x0800461c   0x00000020   Data   RO         3282    Region$$Table       anon$$obj.o


    Execution Region RW_IRAM1 (Exec base: 0x20000000, Load base: 0x0800463c, Size: 0x00002c38, Max: 0x00005000, ABSOLUTE)

    Exec Addr    Load Addr    Size         Type   Attr      Idx    E Section Name        Object

    0x20000000   0x0800463c   0x00000014   Data   RW          245    .data               system_stm32f10x.o
    0x20000014   0x08004650   0x00000024   Data   RW          283    .data               example-raw-data-registers.o
    0x20000038   0x08004674   0x0000003c   Data   RW          502    .data               imu.o
    0x20000074   0x080046b0   0x00000008   Data   RW          639    .data               delay.o
    0x2000007c   0x080046b8   0x0000000c   Data   RW          697    .data               usart.o
    0x20000088   0x080046c4   0x00000014   Data   RW         1073    .data               stm32f10x_rcc.o
    0x2000009c   0x080046d8   0x00000004   PAD
    0x200000a0        -       0x00000880   Zero   RW          281    .bss                example-raw-data-registers.o
    0x20000920        -       0x00001cd8   Zero   RW          501    .bss                imu.o
    0x200025f8        -       0x00000012   Zero   RW          610    .bss                spi.o
    0x2000260a        -       0x0000022e   Zero   RW          696    .bss                usart.o
    0x20002838        -       0x00000400   Zero   RW          764    STACK               startup_stm32f10x_md.o


==============================================================================

Image component sizes


      Code (inc. data)   RO Data    RW Data    ZI Data      Debug   Object Name

         0          0          0          0          0         32   core_cm3.o
       380         38          0          8          0       2920   delay.o
       436        354          0          0          0        648   errorhelper.o
      1202        310         66         36       2176       4373   example-raw-data-registers.o
      3620         12         14          0          0      16098   icm426xxdriver_hl.o
       470          8          0          0          0       5451   icm426xxtransport.o
      2852        206          0         60       7384      58275   imu.o
       824        194          0          0          0     315665   main.o
       172         22          0          0          0       2121   misc.o
        44          6          0          0          0        507   myiic.o
       240         24          0          0         18       1509   spi.o
        36          8        236          0       1024        808   startup_stm32f10x_md.o
       282          0          0          0          0       2547   stm32f10x_gpio.o
        26          0          0          0          0       3846   stm32f10x_it.o
       340         44          0         20          0       5680   stm32f10x_rcc.o
       112          0          0          0          0       3926   stm32f10x_spi.o
       740        106          0          0          0       5007   stm32f10x_tim.o
       602         28          0          0          0       6936   stm32f10x_usart.o
       328         28          0         20          0       2165   system_stm32f10x.o
       492         42          0         12        558       4189   usart.o

    ----------------------------------------------------------------------
     13218       1430        352        156      11164     442703   Object Totals
         0          0         32          0          0          0   (incl. Generated)
        20          0          4          0          4          0   (incl. Padding)

    ----------------------------------------------------------------------

      Code (inc. data)   RO Data    RW Data    ZI Data      Debug   Library Member Name

         0          0          0          0          0          0   entry.o
         0          0          0          0          0          0   entry10a.o
         0          0          0          0          0          0   entry11a.o
         8          4          0          0          0          0   entry2.o
         4          0          0          0          0          0   entry5.o
         0          0          0          0          0          0   entry7b.o
         0          0          0          0          0          0   entry8b.o
         8          4          0          0          0          0   entry9a.o
        30          0          0          0          0          0   handlers.o
        36          8          0          0          0         68   init.o
         0          0          0          0          0          0   iusefp.o
        30          0          0          0          0         68   llshl.o
        36          0          0          0          0         68   llsshr.o
        32          0          0          0          0         68   llushr.o
        36          0          0          0          0         68   memcpya.o
        36          0          0          0          0        108   memseta.o
      2258         90          0          0          0        452   printfa.o
        44          0          0          0          0         80   uidiv.o
        98          0          0          0          0         92   uldiv.o
        48          0          0          0          0         68   cdrcmple.o
        20          0          0          0          0         68   cfcmple.o
        56          0          0          0          0         88   d2f.o
       334          0          0          0          0        148   dadd.o
       222          0          0          0          0        100   ddiv.o
       186          0          0          0          0        176   depilogue.o
        48          0          0          0          0         68   dfixul.o
        34          0          0          0          0         76   dflti.o
       228          0          0          0          0         96   dmul.o
        38          0          0          0          0         68   f2d.o
       176          0          0          0          0        140   fadd.o
       124          0          0          0          0         88   fdiv.o
       110          0          0          0          0        168   fepilogue.o
        18          0          0          0          0         68   fflti.o
        10          0          0          0          0         68   ffltui.o
       100          0          0          0          0         76   fmul.o

    ----------------------------------------------------------------------
      4410        106          0          0          0       2636   Library Totals
         2          0          0          0          0          0   (incl. Padding)

    ----------------------------------------------------------------------

      Code (inc. data)   RO Data    RW Data    ZI Data      Debug   Library Name

      2656        106          0          0          0       1072   mc_w.l
      1752          0          0          0          0       1564   mf_w.l

    ----------------------------------------------------------------------
      4410        106          0          0          0       2636   Library Totals

    ----------------------------------------------------------------------

==============================================================================


      Code (inc. data)   RO Data    RW Data    ZI Data      Debug   

     17628       1536        352        156      11164     439147   Grand Totals
     17628       1536        352        156      11164     439147   ELF Image Totals
     17628       1536        352        156          0          0   ROM Totals

==============================================================================

    Total RO  Size (Code + RO Data)                17980 (  17.56kB)
    Total RW  Size (RW Data + ZI Data)             11320 (  11.05kB)
    Total ROM Size (Code + RO Data + RW Data)      18136 (  17.71kB)

==============================================================================

